Archive member included to satisfy reference by file (symbol)

c:/st/stm32cubeide_1.0.0/stm32cubeide/plugins/com.st.stm32cube.ide.mcu.externaltools.gnu-tools-for-stm32.7-2018-q2-update.win32_1.0.0.201904181610/tools/bin/../lib/gcc/arm-none-eabi/7.3.1/../../../../arm-none-eabi/lib/thumb/v7e-m/fpv4-sp/hard\libc_nano.a(lib_a-errno.o)
                              Src/syscalls.o (__errno)
c:/st/stm32cubeide_1.0.0/stm32cubeide/plugins/com.st.stm32cube.ide.mcu.externaltools.gnu-tools-for-stm32.7-2018-q2-update.win32_1.0.0.201904181610/tools/bin/../lib/gcc/arm-none-eabi/7.3.1/../../../../arm-none-eabi/lib/thumb/v7e-m/fpv4-sp/hard\libc_nano.a(lib_a-exit.o)
                              c:/st/stm32cubeide_1.0.0/stm32cubeide/plugins/com.st.stm32cube.ide.mcu.externaltools.gnu-tools-for-stm32.7-2018-q2-update.win32_1.0.0.201904181610/tools/bin/../lib/gcc/arm-none-eabi/7.3.1/../../../../arm-none-eabi/lib/thumb/v7e-m/fpv4-sp/hard/crt0.o (exit)
c:/st/stm32cubeide_1.0.0/stm32cubeide/plugins/com.st.stm32cube.ide.mcu.externaltools.gnu-tools-for-stm32.7-2018-q2-update.win32_1.0.0.201904181610/tools/bin/../lib/gcc/arm-none-eabi/7.3.1/../../../../arm-none-eabi/lib/thumb/v7e-m/fpv4-sp/hard\libc_nano.a(lib_a-impure.o)
                              c:/st/stm32cubeide_1.0.0/stm32cubeide/plugins/com.st.stm32cube.ide.mcu.externaltools.gnu-tools-for-stm32.7-2018-q2-update.win32_1.0.0.201904181610/tools/bin/../lib/gcc/arm-none-eabi/7.3.1/../../../../arm-none-eabi/lib/thumb/v7e-m/fpv4-sp/hard\libc_nano.a(lib_a-exit.o) (_global_impure_ptr)
c:/st/stm32cubeide_1.0.0/stm32cubeide/plugins/com.st.stm32cube.ide.mcu.externaltools.gnu-tools-for-stm32.7-2018-q2-update.win32_1.0.0.201904181610/tools/bin/../lib/gcc/arm-none-eabi/7.3.1/../../../../arm-none-eabi/lib/thumb/v7e-m/fpv4-sp/hard\libc_nano.a(lib_a-init.o)
                              c:/st/stm32cubeide_1.0.0/stm32cubeide/plugins/com.st.stm32cube.ide.mcu.externaltools.gnu-tools-for-stm32.7-2018-q2-update.win32_1.0.0.201904181610/tools/bin/../lib/gcc/arm-none-eabi/7.3.1/../../../../arm-none-eabi/lib/thumb/v7e-m/fpv4-sp/hard/crt0.o (__libc_init_array)
c:/st/stm32cubeide_1.0.0/stm32cubeide/plugins/com.st.stm32cube.ide.mcu.externaltools.gnu-tools-for-stm32.7-2018-q2-update.win32_1.0.0.201904181610/tools/bin/../lib/gcc/arm-none-eabi/7.3.1/../../../../arm-none-eabi/lib/thumb/v7e-m/fpv4-sp/hard\libc_nano.a(lib_a-malloc.o)
                              Middlewares/Third_Party/Helix/real/buffers.o (malloc)
c:/st/stm32cubeide_1.0.0/stm32cubeide/plugins/com.st.stm32cube.ide.mcu.externaltools.gnu-tools-for-stm32.7-2018-q2-update.win32_1.0.0.201904181610/tools/bin/../lib/gcc/arm-none-eabi/7.3.1/../../../../arm-none-eabi/lib/thumb/v7e-m/fpv4-sp/hard\libc_nano.a(lib_a-memcpy-stub.o)
                              Middlewares/Third_Party/Helix/mp3dec.o (memcpy)
c:/st/stm32cubeide_1.0.0/stm32cubeide/plugins/com.st.stm32cube.ide.mcu.externaltools.gnu-tools-for-stm32.7-2018-q2-update.win32_1.0.0.201904181610/tools/bin/../lib/gcc/arm-none-eabi/7.3.1/../../../../arm-none-eabi/lib/thumb/v7e-m/fpv4-sp/hard\libc_nano.a(lib_a-memmove.o)
                              Middlewares/Third_Party/Helix/mp3dec.o (memmove)
c:/st/stm32cubeide_1.0.0/stm32cubeide/plugins/com.st.stm32cube.ide.mcu.externaltools.gnu-tools-for-stm32.7-2018-q2-update.win32_1.0.0.201904181610/tools/bin/../lib/gcc/arm-none-eabi/7.3.1/../../../../arm-none-eabi/lib/thumb/v7e-m/fpv4-sp/hard\libc_nano.a(lib_a-memset.o)
                              c:/st/stm32cubeide_1.0.0/stm32cubeide/plugins/com.st.stm32cube.ide.mcu.externaltools.gnu-tools-for-stm32.7-2018-q2-update.win32_1.0.0.201904181610/tools/bin/../lib/gcc/arm-none-eabi/7.3.1/../../../../arm-none-eabi/lib/thumb/v7e-m/fpv4-sp/hard/crt0.o (memset)
c:/st/stm32cubeide_1.0.0/stm32cubeide/plugins/com.st.stm32cube.ide.mcu.externaltools.gnu-tools-for-stm32.7-2018-q2-update.win32_1.0.0.201904181610/tools/bin/../lib/gcc/arm-none-eabi/7.3.1/../../../../arm-none-eabi/lib/thumb/v7e-m/fpv4-sp/hard\libc_nano.a(lib_a-nano-freer.o)
                              c:/st/stm32cubeide_1.0.0/stm32cubeide/plugins/com.st.stm32cube.ide.mcu.externaltools.gnu-tools-for-stm32.7-2018-q2-update.win32_1.0.0.201904181610/tools/bin/../lib/gcc/arm-none-eabi/7.3.1/../../../../arm-none-eabi/lib/thumb/v7e-m/fpv4-sp/hard\libc_nano.a(lib_a-malloc.o) (_free_r)
c:/st/stm32cubeide_1.0.0/stm32cubeide/plugins/com.st.stm32cube.ide.mcu.externaltools.gnu-tools-for-stm32.7-2018-q2-update.win32_1.0.0.201904181610/tools/bin/../lib/gcc/arm-none-eabi/7.3.1/../../../../arm-none-eabi/lib/thumb/v7e-m/fpv4-sp/hard\libc_nano.a(lib_a-nano-mallocr.o)
                              c:/st/stm32cubeide_1.0.0/stm32cubeide/plugins/com.st.stm32cube.ide.mcu.externaltools.gnu-tools-for-stm32.7-2018-q2-update.win32_1.0.0.201904181610/tools/bin/../lib/gcc/arm-none-eabi/7.3.1/../../../../arm-none-eabi/lib/thumb/v7e-m/fpv4-sp/hard\libc_nano.a(lib_a-malloc.o) (_malloc_r)
[...]
Memory Configuration

Name             Origin             Length             Attributes
RAM              0x0000000020000000 0x0000000000050000 xrw
FLASH            0x0000000008000000 0x0000000000100000 xr
*default*        0x0000000000000000 0xffffffffffffffff

Linker script and memory map

LOAD c:/st/stm32cubeide_1.0.0/stm32cubeide/plugins/com.st.stm32cube.ide.mcu.externaltools.gnu-tools-for-stm32.7-2018-q2-update.win32_1.0.0.201904181610/tools/bin/../lib/gcc/arm-none-eabi/7.3.1/thumb/v7e-m/fpv4-sp/hard/crti.o
LOAD c:/st/stm32cubeide_1.0.0/stm32cubeide/plugins/com.st.stm32cube.ide.mcu.externaltools.gnu-tools-for-stm32.7-2018-q2-update.win32_1.0.0.201904181610/tools/bin/../lib/gcc/arm-none-eabi/7.3.1/thumb/v7e-m/fpv4-sp/hard/crtbegin.o
LOAD c:/st/stm32cubeide_1.0.0/stm32cubeide/plugins/com.st.stm32cube.ide.mcu.externaltools.gnu-tools-for-stm32.7-2018-q2-update.win32_1.0.0.201904181610/tools/bin/../lib/gcc/arm-none-eabi/7.3.1/../../../../arm-none-eabi/lib/thumb/v7e-m/fpv4-sp/hard/crt0.o
LOAD Drivers/STM32F7xx_HAL_Driver/Src/stm32f7xx_hal.o
LOAD Drivers/STM32F7xx_HAL_Driver/Src/stm32f7xx_hal_cortex.o
LOAD Drivers/STM32F7xx_HAL_Driver/Src/stm32f7xx_hal_dma.o
LOAD Drivers/STM32F7xx_HAL_Driver/Src/stm32f7xx_hal_dma2d.o
LOAD Drivers/STM32F7xx_HAL_Driver/Src/stm32f7xx_hal_dma_ex.o
LOAD Drivers/STM32F7xx_HAL_Driver/Src/stm32f7xx_hal_dsi.o
LOAD Drivers/STM32F7xx_HAL_Driver/Src/stm32f7xx_hal_exti.o
LOAD Drivers/STM32F7xx_HAL_Driver/Src/stm32f7xx_hal_flash.o
LOAD Drivers/STM32F7xx_HAL_Driver/Src/stm32f7xx_hal_flash_ex.o
LOAD Drivers/STM32F7xx_HAL_Driver/Src/stm32f7xx_hal_gpio.o
LOAD Drivers/STM32F7xx_HAL_Driver/Src/stm32f7xx_hal_i2c.o
LOAD Drivers/STM32F7xx_HAL_Driver/Src/stm32f7xx_hal_i2c_ex.o
LOAD Drivers/STM32F7xx_HAL_Driver/Src/stm32f7xx_hal_ltdc.o
LOAD Drivers/STM32F7xx_HAL_Driver/Src/stm32f7xx_hal_ltdc_ex.o
LOAD Drivers/STM32F7xx_HAL_Driver/Src/stm32f7xx_hal_pwr.o
LOAD Drivers/STM32F7xx_HAL_Driver/Src/stm32f7xx_hal_pwr_ex.o
LOAD Drivers/STM32F7xx_HAL_Driver/Src/stm32f7xx_hal_rcc.o
LOAD Drivers/STM32F7xx_HAL_Driver/Src/stm32f7xx_hal_rcc_ex.o
LOAD Drivers/STM32F7xx_HAL_Driver/Src/stm32f7xx_hal_sai.o
LOAD Drivers/STM32F7xx_HAL_Driver/Src/stm32f7xx_hal_sai_ex.o
LOAD Drivers/STM32F7xx_HAL_Driver/Src/stm32f7xx_hal_sd.o
LOAD Drivers/STM32F7xx_HAL_Driver/Src/stm32f7xx_hal_sdram.o
LOAD Drivers/STM32F7xx_HAL_Driver/Src/stm32f7xx_hal_spi.o
LOAD Drivers/STM32F7xx_HAL_Driver/Src/stm32f7xx_hal_spi_ex.o
LOAD Drivers/STM32F7xx_HAL_Driver/Src/stm32f7xx_hal_tim.o
LOAD Drivers/STM32F7xx_HAL_Driver/Src/stm32f7xx_hal_tim_ex.o
LOAD Drivers/STM32F7xx_HAL_Driver/Src/stm32f7xx_ll_fmc.o
LOAD Drivers/STM32F7xx_HAL_Driver/Src/stm32f7xx_ll_sdmmc.o
LOAD Middlewares/Third_Party/FatFs/src/diskio.o
LOAD Middlewares/Third_Party/FatFs/src/ff.o
LOAD Middlewares/Third_Party/FatFs/src/ff_gen_drv.o
LOAD Middlewares/Third_Party/FatFs/src/option/ccsbcs.o
LOAD Middlewares/Third_Party/FatFs/src/option/syscall.o
LOAD Middlewares/Third_Party/Helix/mp3dec.o
LOAD Middlewares/Third_Party/Helix/mp3tabs.o
LOAD Middlewares/Third_Party/Helix/real/bitstream.o
LOAD Middlewares/Third_Party/Helix/real/buffers.o
LOAD Middlewares/Third_Party/Helix/real/dct32.o
LOAD Middlewares/Third_Party/Helix/real/dequant.o
LOAD Middlewares/Third_Party/Helix/real/dqchan.o
LOAD Middlewares/Third_Party/Helix/real/huffman.o
LOAD Middlewares/Third_Party/Helix/real/hufftabs.o
LOAD Middlewares/Third_Party/Helix/real/imdct.o
LOAD Middlewares/Third_Party/Helix/real/polyphase.o
LOAD Middlewares/Third_Party/Helix/real/scalfact.o
LOAD Middlewares/Third_Party/Helix/real/stproc.o
LOAD Middlewares/Third_Party/Helix/real/subband.o
LOAD Middlewares/Third_Party/Helix/real/trigtabs_fixpt.o
LOAD Src/bsp_driver_sd.o
LOAD Src/display.o
LOAD Src/dma.o
LOAD Src/dma2d.o
LOAD Src/fatfs.o
LOAD Src/fatfs_platform.o
LOAD Src/fmc.o
LOAD Src/ft5336.o
LOAD Src/gpio.o
LOAD Src/i2c.o
LOAD Src/ltdc.o
LOAD Src/main.o
LOAD Src/mp3player.o
LOAD Src/rekordbox.o
LOAD Src/sai.o
LOAD Src/sd_diskio.o
LOAD Src/sdmmc.o
LOAD Src/spi.o
LOAD Src/stm32746g_discovery_audio.o
LOAD Src/stm32746g_discovery_ts.o
LOAD Src/stm32f7xx_hal_msp.o
LOAD Src/stm32f7xx_it.o
LOAD Src/sys.o
LOAD Src/syscalls.o
LOAD Src/system_stm32f7xx.o
LOAD Src/tim.o
LOAD Src/waveplayer.o
LOAD Src/wm8994.o
LOAD startup/startup_stm32f746xx.o
START GROUP
LOAD c:/st/stm32cubeide_1.0.0/stm32cubeide/plugins/com.st.stm32cube.ide.mcu.externaltools.gnu-tools-for-stm32.7-2018-q2-update.win32_1.0.0.201904181610/tools/bin/../lib/gcc/arm-none-eabi/7.3.1/../../../../arm-none-eabi/lib/thumb/v7e-m/fpv4-sp/hard\libc_nano.a
LOAD c:/st/stm32cubeide_1.0.0/stm32cubeide/plugins/com.st.stm32cube.ide.mcu.externaltools.gnu-tools-for-stm32.7-2018-q2-update.win32_1.0.0.201904181610/tools/bin/../lib/gcc/arm-none-eabi/7.3.1/../../../../arm-none-eabi/lib/thumb/v7e-m/fpv4-sp/hard\libm.a
END GROUP
START GROUP
LOAD c:/st/stm32cubeide_1.0.0/stm32cubeide/plugins/com.st.stm32cube.ide.mcu.externaltools.gnu-tools-for-stm32.7-2018-q2-update.win32_1.0.0.201904181610/tools/bin/../lib/gcc/arm-none-eabi/7.3.1/thumb/v7e-m/fpv4-sp/hard\libgcc.a
LOAD c:/st/stm32cubeide_1.0.0/stm32cubeide/plugins/com.st.stm32cube.ide.mcu.externaltools.gnu-tools-for-stm32.7-2018-q2-update.win32_1.0.0.201904181610/tools/bin/../lib/gcc/arm-none-eabi/7.3.1/../../../../arm-none-eabi/lib/thumb/v7e-m/fpv4-sp/hard\libc_nano.a
END GROUP
START GROUP
LOAD c:/st/stm32cubeide_1.0.0/stm32cubeide/plugins/com.st.stm32cube.ide.mcu.externaltools.gnu-tools-for-stm32.7-2018-q2-update.win32_1.0.0.201904181610/tools/bin/../lib/gcc/arm-none-eabi/7.3.1/thumb/v7e-m/fpv4-sp/hard\libgcc.a
LOAD c:/st/stm32cubeide_1.0.0/stm32cubeide/plugins/com.st.stm32cube.ide.mcu.externaltools.gnu-tools-for-stm32.7-2018-q2-update.win32_1.0.0.201904181610/tools/bin/../lib/gcc/arm-none-eabi/7.3.1/../../../../arm-none-eabi/lib/thumb/v7e-m/fpv4-sp/hard\libc_nano.a
LOAD c:/st/stm32cubeide_1.0.0/stm32cubeide/plugins/com.st.stm32cube.ide.mcu.externaltools.gnu-tools-for-stm32.7-2018-q2-update.win32_1.0.0.201904181610/tools/bin/../lib/gcc/arm-none-eabi/7.3.1/../../../../arm-none-eabi/lib/thumb/v7e-m/fpv4-sp/hard\libnosys.a
END GROUP
START GROUP
LOAD c:/st/stm32cubeide_1.0.0/stm32cubeide/plugins/com.st.stm32cube.ide.mcu.externaltools.gnu-tools-for-stm32.7-2018-q2-update.win32_1.0.0.201904181610/tools/bin/../lib/gcc/arm-none-eabi/7.3.1/thumb/v7e-m/fpv4-sp/hard\libgcc.a
LOAD c:/st/stm32cubeide_1.0.0/stm32cubeide/plugins/com.st.stm32cube.ide.mcu.externaltools.gnu-tools-for-stm32.7-2018-q2-update.win32_1.0.0.201904181610/tools/bin/../lib/gcc/arm-none-eabi/7.3.1/../../../../arm-none-eabi/lib/thumb/v7e-m/fpv4-sp/hard\libc_nano.a
LOAD c:/st/stm32cubeide_1.0.0/stm32cubeide/plugins/com.st.stm32cube.ide.mcu.externaltools.gnu-tools-for-stm32.7-2018-q2-update.win32_1.0.0.201904181610/tools/bin/../lib/gcc/arm-none-eabi/7.3.1/../../../../arm-none-eabi/lib/thumb/v7e-m/fpv4-sp/hard\libnosys.a
END GROUP
LOAD c:/st/stm32cubeide_1.0.0/stm32cubeide/plugins/com.st.stm32cube.ide.mcu.externaltools.gnu-tools-for-stm32.7-2018-q2-update.win32_1.0.0.201904181610/tools/bin/../lib/gcc/arm-none-eabi/7.3.1/thumb/v7e-m/fpv4-sp/hard/crtend.o
LOAD c:/st/stm32cubeide_1.0.0/stm32cubeide/plugins/com.st.stm32cube.ide.mcu.externaltools.gnu-tools-for-stm32.7-2018-q2-update.win32_1.0.0.201904181610/tools/bin/../lib/gcc/arm-none-eabi/7.3.1/thumb/v7e-m/fpv4-sp/hard/crtn.o
                0x0000000020050000                _estack = 0x20050000
                0x0000000000000200                _Min_Heap_Size = 0x200
                0x0000000000000400                _Min_Stack_Size = 0x400

.isr_vector     0x0000000008000000      0x1c8
                0x0000000008000000                . = ALIGN (0x4)
 *(.isr_vector)
 .isr_vector    0x0000000008000000      0x1c8 startup/startup_stm32f746xx.o
                0x0000000008000000                g_pfnVectors
                0x00000000080001c8                . = ALIGN (0x4)

.text           0x00000000080001d0    0x17558
                0x00000000080001d0                . = ALIGN (0x4)
 *(.text)
 .text          0x00000000080001d0       0x40 c:/st/stm32cubeide_1.0.0/stm32cubeide/plugins/com.st.stm32cube.ide.mcu.externaltools.gnu-tools-for-stm32.7-2018-q2-update.win32_1.0.0.201904181610/tools/bin/../lib/gcc/arm-none-eabi/7.3.1/thumb/v7e-m/fpv4-sp/hard/crtbegin.o
 .text          0x0000000008000210       0x14 c:/st/stm32cubeide_1.0.0/stm32cubeide/plugins/com.st.stm32cube.ide.mcu.externaltools.gnu-tools-for-stm32.7-2018-q2-update.win32_1.0.0.201904181610/tools/bin/../lib/gcc/arm-none-eabi/7.3.1/../../../../arm-none-eabi/lib/thumb/v7e-m/fpv4-sp/hard\libc_nano.a(lib_a-strcmp.o)
                0x0000000008000210                strcmp
 *fill*         0x0000000008000224        0xc 
 .text          0x0000000008000230       0xa0 c:/st/stm32cubeide_1.0.0/stm32cubeide/plugins/com.st.stm32cube.ide.mcu.externaltools.gnu-tools-for-stm32.7-2018-q2-update.win32_1.0.0.201904181610/tools/bin/../lib/gcc/arm-none-eabi/7.3.1/../../../../arm-none-eabi/lib/thumb/v7e-m/fpv4-sp/hard\libc_nano.a(lib_a-memchr.o)
                0x0000000008000230                memchr
 .text          0x00000000080002d0      0x378 c:/st/stm32cubeide_1.0.0/stm32cubeide/plugins/com.st.stm32cube.ide.mcu.externaltools.gnu-tools-for-stm32.7-2018-q2-update.win32_1.0.0.201904181610/tools/bin/../lib/gcc/arm-none-eabi/7.3.1/thumb/v7e-m/fpv4-sp/hard\libgcc.a(_arm_addsubdf3.o)
                0x00000000080002d0                __aeabi_drsub
                0x00000000080002d8                __aeabi_dsub
                0x00000000080002d8                __subdf3
                0x00000000080002dc                __aeabi_dadd
                0x00000000080002dc                __adddf3
                0x0000000008000554                __floatunsidf
                0x0000000008000554                __aeabi_ui2d
                0x0000000008000574                __floatsidf
                0x0000000008000574                __aeabi_i2d
                0x0000000008000598                __aeabi_f2d
                0x0000000008000598                __extendsfdf2
                0x00000000080005dc                __floatundidf
                0x00000000080005dc                __aeabi_ul2d
                0x00000000080005ec                __floatdidf
                0x00000000080005ec                __aeabi_l2d
 .text          0x0000000008000648      0x424 c:/st/stm32cubeide_1.0.0/stm32cubeide/plugins/com.st.stm32cube.ide.mcu.externaltools.gnu-tools-for-stm32.7-2018-q2-update.win32_1.0.0.201904181610/tools/bin/../lib/gcc/arm-none-eabi/7.3.1/thumb/v7e-m/fpv4-sp/hard\libgcc.a(_arm_muldivdf3.o)
                0x0000000008000648                __aeabi_dmul
                0x0000000008000648                __muldf3
                0x000000000800089c                __divdf3
                0x000000000800089c                __aeabi_ddiv
 .text          0x0000000008000a6c      0x110 c:/st/stm32cubeide_1.0.0/stm32cubeide/plugins/com.st.stm32cube.ide.mcu.externaltools.gnu-tools-for-stm32.7-2018-q2-update.win32_1.0.0.201904181610/tools/bin/../lib/gcc/arm-none-eabi/7.3.1/thumb/v7e-m/fpv4-sp/hard\libgcc.a(_arm_cmpdf2.o)
                0x0000000008000a6c                __gtdf2
                0x0000000008000a6c                __gedf2
                0x0000000008000a74                __ltdf2
                0x0000000008000a74                __ledf2
                0x0000000008000a7c                __nedf2
                0x0000000008000a7c                __eqdf2
                0x0000000008000a7c                __cmpdf2
                0x0000000008000af8                __aeabi_cdrcmple
                0x0000000008000b08                __aeabi_cdcmpeq
                0x0000000008000b08                __aeabi_cdcmple
                0x0000000008000b18                __aeabi_dcmpeq
                0x0000000008000b2c                __aeabi_dcmplt
                0x0000000008000b40                __aeabi_dcmple
                0x0000000008000b54                __aeabi_dcmpge
                0x0000000008000b68                __aeabi_dcmpgt
 .text          0x0000000008000b7c       0x40 c:/st/stm32cubeide_1.0.0/stm32cubeide/plugins/com.st.stm32cube.ide.mcu.externaltools.gnu-tools-for-stm32.7-2018-q2-update.win32_1.0.0.201904181610/tools/bin/../lib/gcc/arm-none-eabi/7.3.1/thumb/v7e-m/fpv4-sp/hard\libgcc.a(_arm_fixunsdfsi.o)
                0x0000000008000b7c                __aeabi_d2uiz
                0x0000000008000b7c                __fixunsdfsi
 .text          0x0000000008000bbc       0xa0 c:/st/stm32cubeide_1.0.0/stm32cubeide/plugins/com.st.stm32cube.ide.mcu.externaltools.gnu-tools-for-stm32.7-2018-q2-update.win32_1.0.0.201904181610/tools/bin/../lib/gcc/arm-none-eabi/7.3.1/thumb/v7e-m/fpv4-sp/hard\libgcc.a(_arm_truncdfsf2.o)
                0x0000000008000bbc                __truncdfsf2
                0x0000000008000bbc                __aeabi_d2f
 .text          0x0000000008000c5c      0x21c c:/st/stm32cubeide_1.0.0/stm32cubeide/plugins/com.st.stm32cube.ide.mcu.externaltools.gnu-tools-for-stm32.7-2018-q2-update.win32_1.0.0.201904181610/tools/bin/../lib/gcc/arm-none-eabi/7.3.1/thumb/v7e-m/fpv4-sp/hard\libgcc.a(_arm_addsubsf3.o)
                0x0000000008000c5c                __aeabi_frsub
                0x0000000008000c64                __subsf3
                0x0000000008000c64                __aeabi_fsub
                0x0000000008000c68                __aeabi_fadd
                0x0000000008000c68                __addsf3
                0x0000000008000dc8                __aeabi_ui2f
                0x0000000008000dc8                __floatunsisf
                0x0000000008000dd0                __aeabi_i2f
                0x0000000008000dd0                __floatsisf
                0x0000000008000dec                __aeabi_ul2f
                0x0000000008000dec                __floatundisf
                0x0000000008000dfc                __aeabi_l2f
                0x0000000008000dfc                __floatdisf
 .text          0x0000000008000e78       0x30 c:/st/stm32cubeide_1.0.0/stm32cubeide/plugins/com.st.stm32cube.ide.mcu.externaltools.gnu-tools-for-stm32.7-2018-q2-update.win32_1.0.0.201904181610/tools/bin/../lib/gcc/arm-none-eabi/7.3.1/thumb/v7e-m/fpv4-sp/hard\libgcc.a(_aeabi_uldivmod.o)
                0x0000000008000e78                __aeabi_uldivmod
 .text          0x0000000008000ea8       0x48 c:/st/stm32cubeide_1.0.0/stm32cubeide/plugins/com.st.stm32cube.ide.mcu.externaltools.gnu-tools-for-stm32.7-2018-q2-update.win32_1.0.0.201904181610/tools/bin/../lib/gcc/arm-none-eabi/7.3.1/thumb/v7e-m/fpv4-sp/hard\libgcc.a(_fixunssfdi.o)
                0x0000000008000ea8                __fixunssfdi
                0x0000000008000ea8                __aeabi_f2ulz
 .text          0x0000000008000ef0      0x2cc c:/st/stm32cubeide_1.0.0/stm32cubeide/plugins/com.st.stm32cube.ide.mcu.externaltools.gnu-tools-for-stm32.7-2018-q2-update.win32_1.0.0.201904181610/tools/bin/../lib/gcc/arm-none-eabi/7.3.1/thumb/v7e-m/fpv4-sp/hard\libgcc.a(_udivmoddi4.o)
                0x0000000008000ef0                __udivmoddi4
 .text          0x00000000080011bc        0x4 c:/st/stm32cubeide_1.0.0/stm32cubeide/plugins/com.st.stm32cube.ide.mcu.externaltools.gnu-tools-for-stm32.7-2018-q2-update.win32_1.0.0.201904181610/tools/bin/../lib/gcc/arm-none-eabi/7.3.1/thumb/v7e-m/fpv4-sp/hard\libgcc.a(_dvmd_tls.o)
                0x00000000080011bc                __aeabi_idiv0
                0x00000000080011bc                __aeabi_ldiv0
 *(.text*)
 .text.HAL_InitTick
                0x00000000080011c0       0x4c Drivers/STM32F7xx_HAL_Driver/Src/stm32f7xx_hal.o
                0x00000000080011c0                HAL_InitTick
 .text.HAL_Init
                0x000000000800120c       0x2c Drivers/STM32F7xx_HAL_Driver/Src/stm32f7xx_hal.o
                0x000000000800120c                HAL_Init
 .text.HAL_IncTick
                0x0000000008001238       0x18 Drivers/STM32F7xx_HAL_Driver/Src/stm32f7xx_hal.o
                0x0000000008001238                HAL_IncTick
 .text.HAL_GetTick
                0x0000000008001250        0xc Drivers/STM32F7xx_HAL_Driver/Src/stm32f7xx_hal.o
                0x0000000008001250                HAL_GetTick
 .text.HAL_Delay
                0x000000000800125c       0x28 Drivers/STM32F7xx_HAL_Driver/Src/stm32f7xx_hal.o
                0x000000000800125c                HAL_Delay
 .text.HAL_NVIC_SetPriorityGrouping
                0x0000000008001284       0x3c Drivers/STM32F7xx_HAL_Driver/Src/stm32f7xx_hal_cortex.o
                0x0000000008001284                HAL_NVIC_SetPriorityGrouping
 .text.HAL_NVIC_SetPriority
                0x00000000080012c0       0x88 Drivers/STM32F7xx_HAL_Driver/Src/stm32f7xx_hal_cortex.o
                0x00000000080012c0                HAL_NVIC_SetPriority
 .text.HAL_NVIC_EnableIRQ
                0x0000000008001348       0x30 Drivers/STM32F7xx_HAL_Driver/Src/stm32f7xx_hal_cortex.o
                0x0000000008001348                HAL_NVIC_EnableIRQ
 .text.HAL_NVIC_DisableIRQ
                0x0000000008001378       0x38 Drivers/STM32F7xx_HAL_Driver/Src/stm32f7xx_hal_cortex.o
                0x0000000008001378                HAL_NVIC_DisableIRQ
 .text.HAL_SYSTICK_Config
                0x00000000080013b0       0x2c Drivers/STM32F7xx_HAL_Driver/Src/stm32f7xx_hal_cortex.o
                0x00000000080013b0                HAL_SYSTICK_Config
 .text.HAL_MPU_Disable
                0x00000000080013dc       0x20 Drivers/STM32F7xx_HAL_Driver/Src/stm32f7xx_hal_cortex.o
                0x00000000080013dc                HAL_MPU_Disable
 .text.HAL_MPU_Enable
                0x00000000080013fc       0x24 Drivers/STM32F7xx_HAL_Driver/Src/stm32f7xx_hal_cortex.o
                0x00000000080013fc                HAL_MPU_Enable
 .text.DMA_SetConfig
                0x0000000008001420       0x2c Drivers/STM32F7xx_HAL_Driver/Src/stm32f7xx_hal_dma.o
 .text.DMA_CalcBaseAndBitshift
                0x000000000800144c       0x38 Drivers/STM32F7xx_HAL_Driver/Src/stm32f7xx_hal_dma.o
 .text.DMA_CheckFifoParam
                0x0000000008001484       0x8e Drivers/STM32F7xx_HAL_Driver/Src/stm32f7xx_hal_dma.o
 *fill*         0x0000000008001512        0x2 
 .text.HAL_DMA_Init
                0x0000000008001514      0x2ec Drivers/STM32F7xx_HAL_Driver/Src/stm32f7xx_hal_dma.o
                0x0000000008001514                HAL_DMA_Init
 .text.HAL_DMA_Start_IT
                0x0000000008001800       0xa0 Drivers/STM32F7xx_HAL_Driver/Src/stm32f7xx_hal_dma.o
                0x0000000008001800                HAL_DMA_Start_IT
 .text.HAL_DMA_Abort
                0x00000000080018a0       0x94 Drivers/STM32F7xx_HAL_Driver/Src/stm32f7xx_hal_dma.o
                0x00000000080018a0                HAL_DMA_Abort
 .text.HAL_DMA_Abort_IT
                0x0000000008001934       0x26 Drivers/STM32F7xx_HAL_Driver/Src/stm32f7xx_hal_dma.o
                0x0000000008001934                HAL_DMA_Abort_IT
 *fill*         0x000000000800195a        0x2 
 .text.HAL_DMA_IRQHandler
                0x000000000800195c      0x1dc Drivers/STM32F7xx_HAL_Driver/Src/stm32f7xx_hal_dma.o
                0x000000000800195c                HAL_DMA_IRQHandler
 .text.DMA2D_SetConfig
                0x0000000008001b38       0x8c Drivers/STM32F7xx_HAL_Driver/Src/stm32f7xx_hal_dma2d.o
 .text.HAL_DMA2D_Init
                0x0000000008001bc4       0xc0 Drivers/STM32F7xx_HAL_Driver/Src/stm32f7xx_hal_dma2d.o
                0x0000000008001bc4                HAL_DMA2D_Init
 .text.HAL_DMA2D_Start
                0x0000000008001c84       0x70 Drivers/STM32F7xx_HAL_Driver/Src/stm32f7xx_hal_dma2d.o
                0x0000000008001c84                HAL_DMA2D_Start
 .text.HAL_DMA2D_PollForTransfer
                0x0000000008001cf4      0x13e Drivers/STM32F7xx_HAL_Driver/Src/stm32f7xx_hal_dma2d.o
                0x0000000008001cf4                HAL_DMA2D_PollForTransfer
 *fill*         0x0000000008001e32        0x2 
 .text.HAL_DMA2D_ConfigLayer
                0x0000000008001e34      0x12c Drivers/STM32F7xx_HAL_Driver/Src/stm32f7xx_hal_dma2d.o
                0x0000000008001e34                HAL_DMA2D_ConfigLayer
 .text.HAL_GPIO_Init
                0x0000000008001f60      0x30c Drivers/STM32F7xx_HAL_Driver/Src/stm32f7xx_hal_gpio.o
                0x0000000008001f60                HAL_GPIO_Init
 .text.HAL_GPIO_ReadPin
                0x000000000800226c       0x28 Drivers/STM32F7xx_HAL_Driver/Src/stm32f7xx_hal_gpio.o
                0x000000000800226c                HAL_GPIO_ReadPin
 .text.HAL_GPIO_WritePin
                0x0000000008002294       0x38 Drivers/STM32F7xx_HAL_Driver/Src/stm32f7xx_hal_gpio.o
                0x0000000008002294                HAL_GPIO_WritePin
 .text.HAL_GPIO_EXTI_Callback
                0x00000000080022cc        0x2 Drivers/STM32F7xx_HAL_Driver/Src/stm32f7xx_hal_gpio.o
                0x00000000080022cc                HAL_GPIO_EXTI_Callback
 *fill*         0x00000000080022ce        0x2 
 .text.HAL_GPIO_EXTI_IRQHandler
                0x00000000080022d0       0x1c Drivers/STM32F7xx_HAL_Driver/Src/stm32f7xx_hal_gpio.o
                0x00000000080022d0                HAL_GPIO_EXTI_IRQHandler
 .text.I2C_Flush_TXDR
                0x00000000080022ec       0x22 Drivers/STM32F7xx_HAL_Driver/Src/stm32f7xx_hal_i2c.o
 *fill*         0x000000000800230e        0x2 
 .text.I2C_TransferConfig
                0x0000000008002310       0xc0 Drivers/STM32F7xx_HAL_Driver/Src/stm32f7xx_hal_i2c.o
 .text.I2C_IsAcknowledgeFailed
                0x00000000080023d0       0x90 Drivers/STM32F7xx_HAL_Driver/Src/stm32f7xx_hal_i2c.o
 .text.I2C_WaitOnTXISFlagUntilTimeout
                0x0000000008002460       0x56 Drivers/STM32F7xx_HAL_Driver/Src/stm32f7xx_hal_i2c.o
 .text.I2C_WaitOnFlagUntilTimeout
                0x00000000080024b6       0x52 Drivers/STM32F7xx_HAL_Driver/Src/stm32f7xx_hal_i2c.o
 .text.I2C_RequestMemoryWrite
                0x0000000008002508       0x70 Drivers/STM32F7xx_HAL_Driver/Src/stm32f7xx_hal_i2c.o
 .text.I2C_RequestMemoryRead
                0x0000000008002578       0x70 Drivers/STM32F7xx_HAL_Driver/Src/stm32f7xx_hal_i2c.o
 .text.I2C_WaitOnSTOPFlagUntilTimeout
                0x00000000080025e8       0x50 Drivers/STM32F7xx_HAL_Driver/Src/stm32f7xx_hal_i2c.o
 .text.HAL_I2C_Init
                0x0000000008002638      0x1a0 Drivers/STM32F7xx_HAL_Driver/Src/stm32f7xx_hal_i2c.o
                0x0000000008002638                HAL_I2C_Init
 .text.HAL_I2C_Mem_Write
                0x00000000080027d8      0x1cc Drivers/STM32F7xx_HAL_Driver/Src/stm32f7xx_hal_i2c.o
                0x00000000080027d8                HAL_I2C_Mem_Write
 .text.HAL_I2C_Mem_Read
                0x00000000080029a4      0x1d0 Drivers/STM32F7xx_HAL_Driver/Src/stm32f7xx_hal_i2c.o
                0x00000000080029a4                HAL_I2C_Mem_Read
 .text.HAL_I2CEx_ConfigAnalogFilter
                0x0000000008002b74       0xac Drivers/STM32F7xx_HAL_Driver/Src/stm32f7xx_hal_i2c_ex.o
                0x0000000008002b74                HAL_I2CEx_ConfigAnalogFilter
 .text.HAL_I2CEx_ConfigDigitalFilter
                0x0000000008002c20       0x9c Drivers/STM32F7xx_HAL_Driver/Src/stm32f7xx_hal_i2c_ex.o
                0x0000000008002c20                HAL_I2CEx_ConfigDigitalFilter
 .text.LTDC_SetConfig
                0x0000000008002cbc      0x194 Drivers/STM32F7xx_HAL_Driver/Src/stm32f7xx_hal_ltdc.o
 .text.HAL_LTDC_Init
                0x0000000008002e50      0x230 Drivers/STM32F7xx_HAL_Driver/Src/stm32f7xx_hal_ltdc.o
                0x0000000008002e50                HAL_LTDC_Init
 .text.HAL_LTDC_ConfigLayer
                0x0000000008003080      0x150 Drivers/STM32F7xx_HAL_Driver/Src/stm32f7xx_hal_ltdc.o
                0x0000000008003080                HAL_LTDC_ConfigLayer
 .text.HAL_LTDC_SetAddress
                0x00000000080031d0       0x5c Drivers/STM32F7xx_HAL_Driver/Src/stm32f7xx_hal_ltdc.o
                0x00000000080031d0                HAL_LTDC_SetAddress
 .text.HAL_LTDC_Reload
                0x000000000800322c       0x50 Drivers/STM32F7xx_HAL_Driver/Src/stm32f7xx_hal_ltdc.o
                0x000000000800322c                HAL_LTDC_Reload
 .text.HAL_LTDC_SetAlpha_NoReload
                0x000000000800327c       0x68 Drivers/STM32F7xx_HAL_Driver/Src/stm32f7xx_hal_ltdc.o
                0x000000000800327c                HAL_LTDC_SetAlpha_NoReload
 .text.HAL_PWREx_EnableOverDrive
                0x00000000080032e4       0x7c Drivers/STM32F7xx_HAL_Driver/Src/stm32f7xx_hal_pwr_ex.o
                0x00000000080032e4                HAL_PWREx_EnableOverDrive
 .text.HAL_RCC_OscConfig
                0x0000000008003360      0x4fc Drivers/STM32F7xx_HAL_Driver/Src/stm32f7xx_hal_rcc.o
                0x0000000008003360                HAL_RCC_OscConfig
 .text.HAL_RCC_GetSysClockFreq
                0x000000000800385c       0xa8 Drivers/STM32F7xx_HAL_Driver/Src/stm32f7xx_hal_rcc.o
                0x000000000800385c                HAL_RCC_GetSysClockFreq
 .text.HAL_RCC_ClockConfig
                0x0000000008003904      0x238 Drivers/STM32F7xx_HAL_Driver/Src/stm32f7xx_hal_rcc.o
                0x0000000008003904                HAL_RCC_ClockConfig
 .text.HAL_RCCEx_PeriphCLKConfig
                0x0000000008003b3c      0xafc Drivers/STM32F7xx_HAL_Driver/Src/stm32f7xx_hal_rcc_ex.o
                0x0000000008003b3c                HAL_RCCEx_PeriphCLKConfig
 .text.HAL_RCCEx_GetPeriphCLKConfig
                0x0000000008004638      0x164 Drivers/STM32F7xx_HAL_Driver/Src/stm32f7xx_hal_rcc_ex.o
                0x0000000008004638                HAL_RCCEx_GetPeriphCLKConfig
 .text.HAL_RCCEx_GetPeriphCLKFreq
                0x000000000800479c      0x1b0 Drivers/STM32F7xx_HAL_Driver/Src/stm32f7xx_hal_rcc_ex.o
                0x000000000800479c                HAL_RCCEx_GetPeriphCLKFreq
 .text.SAI_InterruptFlag
                0x000000000800494c       0x34 Drivers/STM32F7xx_HAL_Driver/Src/stm32f7xx_hal_sai.o
 .text.SAI_Disable
                0x0000000008004980       0x44 Drivers/STM32F7xx_HAL_Driver/Src/stm32f7xx_hal_sai.o
 .text.HAL_SAI_Init
                0x00000000080049c4      0x510 Drivers/STM32F7xx_HAL_Driver/Src/stm32f7xx_hal_sai.o
                0x00000000080049c4                HAL_SAI_Init
 .text.HAL_SAI_DMAPause
                0x0000000008004ed4       0x26 Drivers/STM32F7xx_HAL_Driver/Src/stm32f7xx_hal_sai.o
                0x0000000008004ed4                HAL_SAI_DMAPause
 .text.HAL_SAI_DMAResume
                0x0000000008004efa       0x38 Drivers/STM32F7xx_HAL_Driver/Src/stm32f7xx_hal_sai.o
                0x0000000008004efa                HAL_SAI_DMAResume
 .text.HAL_SAI_DMAStop
                0x0000000008004f32       0xa8 Drivers/STM32F7xx_HAL_Driver/Src/stm32f7xx_hal_sai.o
                0x0000000008004f32                HAL_SAI_DMAStop
 *fill*         0x0000000008004fda        0x2 
 .text.HAL_SAI_Transmit_DMA
                0x0000000008004fdc       0xc8 Drivers/STM32F7xx_HAL_Driver/Src/stm32f7xx_hal_sai.o
                0x0000000008004fdc                HAL_SAI_Transmit_DMA
 .text.SAI_DMATxCplt
                0x00000000080050a4       0x3c Drivers/STM32F7xx_HAL_Driver/Src/stm32f7xx_hal_sai.o
 .text.SAI_DMATxHalfCplt
                0x00000000080050e0        0xa Drivers/STM32F7xx_HAL_Driver/Src/stm32f7xx_hal_sai.o
 .text.SAI_DMAError
                0x00000000080050ea       0x44 Drivers/STM32F7xx_HAL_Driver/Src/stm32f7xx_hal_sai.o
 .text.HAL_SAI_GetState
                0x000000000800512e        0x6 Drivers/STM32F7xx_HAL_Driver/Src/stm32f7xx_hal_sai.o
                0x000000000800512e                HAL_SAI_GetState
 .text.SD_PowerON
                0x0000000008005134       0xd4 Drivers/STM32F7xx_HAL_Driver/Src/stm32f7xx_hal_sd.o
 .text.SD_FindSCR
                0x0000000008005208      0x106 Drivers/STM32F7xx_HAL_Driver/Src/stm32f7xx_hal_sd.o
 .text.SD_WideBus_Enable
                0x000000000800530e       0x56 Drivers/STM32F7xx_HAL_Driver/Src/stm32f7xx_hal_sd.o
 .text.SD_WideBus_Disable
                0x0000000008005364       0x56 Drivers/STM32F7xx_HAL_Driver/Src/stm32f7xx_hal_sd.o
 .text.SD_SendStatus
                0x00000000080053ba       0x2c Drivers/STM32F7xx_HAL_Driver/Src/stm32f7xx_hal_sd.o
 .text.HAL_SD_ReadBlocks
                0x00000000080053e6      0x218 Drivers/STM32F7xx_HAL_Driver/Src/stm32f7xx_hal_sd.o
                0x00000000080053e6                HAL_SD_ReadBlocks
 .text.HAL_SD_WriteBlocks
                0x00000000080055fe      0x1dc Drivers/STM32F7xx_HAL_Driver/Src/stm32f7xx_hal_sd.o
                0x00000000080055fe                HAL_SD_WriteBlocks
 .text.HAL_SD_GetCardCSD
                0x00000000080057da      0x1e2 Drivers/STM32F7xx_HAL_Driver/Src/stm32f7xx_hal_sd.o
                0x00000000080057da                HAL_SD_GetCardCSD
 .text.SD_InitCard
                0x00000000080059bc       0xf6 Drivers/STM32F7xx_HAL_Driver/Src/stm32f7xx_hal_sd.o
 .text.HAL_SD_InitCard
                0x0000000008005ab2       0x80 Drivers/STM32F7xx_HAL_Driver/Src/stm32f7xx_hal_sd.o
                0x0000000008005ab2                HAL_SD_InitCard
 *fill*         0x0000000008005b32        0x2 
 .text.HAL_SD_Init
                0x0000000008005b34      0x104 Drivers/STM32F7xx_HAL_Driver/Src/stm32f7xx_hal_sd.o
                0x0000000008005b34                HAL_SD_Init
 .text.HAL_SD_GetCardInfo
                0x0000000008005c38       0x24 Drivers/STM32F7xx_HAL_Driver/Src/stm32f7xx_hal_sd.o
                0x0000000008005c38                HAL_SD_GetCardInfo
 .text.HAL_SD_ConfigWideBusOperation
                0x0000000008005c5c       0xcc Drivers/STM32F7xx_HAL_Driver/Src/stm32f7xx_hal_sd.o
                0x0000000008005c5c                HAL_SD_ConfigWideBusOperation
 .text.HAL_SD_GetCardState
                0x0000000008005d28       0x26 Drivers/STM32F7xx_HAL_Driver/Src/stm32f7xx_hal_sd.o
                0x0000000008005d28                HAL_SD_GetCardState
 .text.HAL_SDRAM_Init
                0x0000000008005d4e       0x3e Drivers/STM32F7xx_HAL_Driver/Src/stm32f7xx_hal_sdram.o
                0x0000000008005d4e                HAL_SDRAM_Init
 .text.HAL_SDRAM_SendCommand
                0x0000000008005d8c       0x3a Drivers/STM32F7xx_HAL_Driver/Src/stm32f7xx_hal_sdram.o
                0x0000000008005d8c                HAL_SDRAM_SendCommand
 .text.HAL_SDRAM_ProgramRefreshRate
                0x0000000008005dc6       0x28 Drivers/STM32F7xx_HAL_Driver/Src/stm32f7xx_hal_sdram.o
                0x0000000008005dc6                HAL_SDRAM_ProgramRefreshRate
 .text.SPI_WaitFlagStateUntilTimeout
                0x0000000008005dee       0x90 Drivers/STM32F7xx_HAL_Driver/Src/stm32f7xx_hal_spi.o
 .text.SPI_WaitFifoStateUntilTimeout
                0x0000000008005e7e       0x98 Drivers/STM32F7xx_HAL_Driver/Src/stm32f7xx_hal_spi.o
 .text.SPI_EndRxTxTransaction
                0x0000000008005f16       0x66 Drivers/STM32F7xx_HAL_Driver/Src/stm32f7xx_hal_spi.o
 .text.HAL_SPI_Init
                0x0000000008005f7c      0x298 Drivers/STM32F7xx_HAL_Driver/Src/stm32f7xx_hal_spi.o
                0x0000000008005f7c                HAL_SPI_Init
 .text.HAL_SPI_TransmitReceive_IT
                0x0000000008006214      0x110 Drivers/STM32F7xx_HAL_Driver/Src/stm32f7xx_hal_spi.o
                0x0000000008006214                HAL_SPI_TransmitReceive_IT
 .text.HAL_SPI_RxCpltCallback
                0x0000000008006324        0x2 Drivers/STM32F7xx_HAL_Driver/Src/stm32f7xx_hal_spi.o
                0x0000000008006324                HAL_SPI_RxCpltCallback
 .text.HAL_SPI_ErrorCallback
                0x0000000008006326        0x2 Drivers/STM32F7xx_HAL_Driver/Src/stm32f7xx_hal_spi.o
                0x0000000008006326                HAL_SPI_ErrorCallback
 .text.SPI_CloseRxTx_ISR
                0x0000000008006328       0x5e Drivers/STM32F7xx_HAL_Driver/Src/stm32f7xx_hal_spi.o
 .text.SPI_2linesTxISR_8BIT
                0x0000000008006386       0x58 Drivers/STM32F7xx_HAL_Driver/Src/stm32f7xx_hal_spi.o
 .text.SPI_2linesRxISR_8BIT
                0x00000000080063de       0x78 Drivers/STM32F7xx_HAL_Driver/Src/stm32f7xx_hal_spi.o
 .text.SPI_2linesTxISR_16BIT
                0x0000000008006456       0x38 Drivers/STM32F7xx_HAL_Driver/Src/stm32f7xx_hal_spi.o
 .text.SPI_2linesRxISR_16BIT
                0x000000000800648e       0x3c Drivers/STM32F7xx_HAL_Driver/Src/stm32f7xx_hal_spi.o
 *fill*         0x00000000080064ca        0x2 
 .text.HAL_SPI_IRQHandler
                0x00000000080064cc      0x120 Drivers/STM32F7xx_HAL_Driver/Src/stm32f7xx_hal_spi.o
                0x00000000080064cc                HAL_SPI_IRQHandler
 .text.SPI_DMAAbortOnError
                0x00000000080065ec       0x12 Drivers/STM32F7xx_HAL_Driver/Src/stm32f7xx_hal_spi.o
 .text.TIM_TI1_ConfigInputStage
                0x00000000080065fe       0x26 Drivers/STM32F7xx_HAL_Driver/Src/stm32f7xx_hal_tim.o
 .text.TIM_TI2_ConfigInputStage
                0x0000000008006624       0x28 Drivers/STM32F7xx_HAL_Driver/Src/stm32f7xx_hal_tim.o
 .text.TIM_ITRx_SetConfig
                0x000000000800664c       0x10 Drivers/STM32F7xx_HAL_Driver/Src/stm32f7xx_hal_tim.o
 .text.HAL_TIM_Base_Start_IT
                0x000000000800665c       0xb0 Drivers/STM32F7xx_HAL_Driver/Src/stm32f7xx_hal_tim.o
                0x000000000800665c                HAL_TIM_Base_Start_IT
 .text.HAL_TIM_Base_Stop_IT
                0x000000000800670c       0xb0 Drivers/STM32F7xx_HAL_Driver/Src/stm32f7xx_hal_tim.o
                0x000000000800670c                HAL_TIM_Base_Stop_IT
 .text.HAL_TIM_PeriodElapsedCallback
                0x00000000080067bc        0x2 Drivers/STM32F7xx_HAL_Driver/Src/stm32f7xx_hal_tim.o
                0x00000000080067bc                HAL_TIM_PeriodElapsedCallback
 .text.HAL_TIM_OC_DelayElapsedCallback
                0x00000000080067be        0x2 Drivers/STM32F7xx_HAL_Driver/Src/stm32f7xx_hal_tim.o
                0x00000000080067be                HAL_TIM_OC_DelayElapsedCallback
 .text.HAL_TIM_IC_CaptureCallback
                0x00000000080067c0        0x2 Drivers/STM32F7xx_HAL_Driver/Src/stm32f7xx_hal_tim.o
                0x00000000080067c0                HAL_TIM_IC_CaptureCallback
 .text.HAL_TIM_PWM_PulseFinishedCallback
                0x00000000080067c2        0x2 Drivers/STM32F7xx_HAL_Driver/Src/stm32f7xx_hal_tim.o
                0x00000000080067c2                HAL_TIM_PWM_PulseFinishedCallback
 .text.HAL_TIM_TriggerCallback
                0x00000000080067c4        0x2 Drivers/STM32F7xx_HAL_Driver/Src/stm32f7xx_hal_tim.o
                0x00000000080067c4                HAL_TIM_TriggerCallback
 .text.HAL_TIM_IRQHandler
                0x00000000080067c6      0x19a Drivers/STM32F7xx_HAL_Driver/Src/stm32f7xx_hal_tim.o
                0x00000000080067c6                HAL_TIM_IRQHandler
 .text.TIM_Base_SetConfig
                0x0000000008006960      0x10c Drivers/STM32F7xx_HAL_Driver/Src/stm32f7xx_hal_tim.o
                0x0000000008006960                TIM_Base_SetConfig
 .text.HAL_TIM_Base_Init
                0x0000000008006a6c      0x124 Drivers/STM32F7xx_HAL_Driver/Src/stm32f7xx_hal_tim.o
                0x0000000008006a6c                HAL_TIM_Base_Init
 .text.TIM_ETR_SetConfig
                0x0000000008006b90       0x18 Drivers/STM32F7xx_HAL_Driver/Src/stm32f7xx_hal_tim.o
                0x0000000008006b90                TIM_ETR_SetConfig
 .text.HAL_TIM_ConfigClockSource
                0x0000000008006ba8      0x478 Drivers/STM32F7xx_HAL_Driver/Src/stm32f7xx_hal_tim.o
                0x0000000008006ba8                HAL_TIM_ConfigClockSource
 .text.HAL_TIMEx_MasterConfigSynchronization
                0x0000000008007020      0x170 Drivers/STM32F7xx_HAL_Driver/Src/stm32f7xx_hal_tim_ex.o
                0x0000000008007020                HAL_TIMEx_MasterConfigSynchronization
 .text.HAL_TIMEx_CommutCallback
                0x0000000008007190        0x2 Drivers/STM32F7xx_HAL_Driver/Src/stm32f7xx_hal_tim_ex.o
                0x0000000008007190                HAL_TIMEx_CommutCallback
 .text.HAL_TIMEx_BreakCallback
                0x0000000008007192        0x2 Drivers/STM32F7xx_HAL_Driver/Src/stm32f7xx_hal_tim_ex.o
                0x0000000008007192                HAL_TIMEx_BreakCallback
 .text.HAL_TIMEx_Break2Callback
                0x0000000008007194        0x2 Drivers/STM32F7xx_HAL_Driver/Src/stm32f7xx_hal_tim_ex.o
                0x0000000008007194                HAL_TIMEx_Break2Callback
 *fill*         0x0000000008007196        0x2 
 .text.FMC_SDRAM_Init
                0x0000000008007198      0x1bc Drivers/STM32F7xx_HAL_Driver/Src/stm32f7xx_ll_fmc.o
                0x0000000008007198                FMC_SDRAM_Init
 .text.FMC_SDRAM_Timing_Init
                0x0000000008007354      0x150 Drivers/STM32F7xx_HAL_Driver/Src/stm32f7xx_ll_fmc.o
                0x0000000008007354                FMC_SDRAM_Timing_Init
 .text.FMC_SDRAM_SendCommand
                0x00000000080074a4       0x98 Drivers/STM32F7xx_HAL_Driver/Src/stm32f7xx_ll_fmc.o
                0x00000000080074a4                FMC_SDRAM_SendCommand
 .text.FMC_SDRAM_ProgramRefreshRate
                0x000000000800753c       0x3c Drivers/STM32F7xx_HAL_Driver/Src/stm32f7xx_ll_fmc.o
                0x000000000800753c                FMC_SDRAM_ProgramRefreshRate
 .text.SDMMC_GetCmdError
                0x0000000008007578       0x3c Drivers/STM32F7xx_HAL_Driver/Src/stm32f7xx_ll_sdmmc.o
 .text.SDMMC_GetCmdResp2
                0x00000000080075b4       0x5c Drivers/STM32F7xx_HAL_Driver/Src/stm32f7xx_ll_sdmmc.o
 .text.SDMMC_GetCmdResp3
                0x0000000008007610       0x4c Drivers/STM32F7xx_HAL_Driver/Src/stm32f7xx_ll_sdmmc.o
 .text.SDMMC_GetCmdResp7
                0x000000000800765c       0x54 Drivers/STM32F7xx_HAL_Driver/Src/stm32f7xx_ll_sdmmc.o
 .text.SDMMC_Init
                0x00000000080076b0      0x100 Drivers/STM32F7xx_HAL_Driver/Src/stm32f7xx_ll_sdmmc.o
                0x00000000080076b0                SDMMC_Init
 .text.SDMMC_ReadFIFO
                0x00000000080077b0        0x6 Drivers/STM32F7xx_HAL_Driver/Src/stm32f7xx_ll_sdmmc.o
                0x00000000080077b0                SDMMC_ReadFIFO
 .text.SDMMC_WriteFIFO
                0x00000000080077b6        0xa Drivers/STM32F7xx_HAL_Driver/Src/stm32f7xx_ll_sdmmc.o
                0x00000000080077b6                SDMMC_WriteFIFO
 .text.SDMMC_PowerState_ON
                0x00000000080077c0        0x8 Drivers/STM32F7xx_HAL_Driver/Src/stm32f7xx_ll_sdmmc.o
                0x00000000080077c0                SDMMC_PowerState_ON
 .text.SDMMC_GetPowerState
                0x00000000080077c8        0x8 Drivers/STM32F7xx_HAL_Driver/Src/stm32f7xx_ll_sdmmc.o
                0x00000000080077c8                SDMMC_GetPowerState
 .text.SDMMC_SendCommand
                0x00000000080077d0       0xa4 Drivers/STM32F7xx_HAL_Driver/Src/stm32f7xx_ll_sdmmc.o
                0x00000000080077d0                SDMMC_SendCommand
 .text.SDMMC_GetCommandResponse
                0x0000000008007874        0x6 Drivers/STM32F7xx_HAL_Driver/Src/stm32f7xx_ll_sdmmc.o
                0x0000000008007874                SDMMC_GetCommandResponse
 *fill*         0x000000000800787a        0x2 
 .text.SDMMC_GetResponse
                0x000000000800787c       0x48 Drivers/STM32F7xx_HAL_Driver/Src/stm32f7xx_ll_sdmmc.o
                0x000000000800787c                SDMMC_GetResponse
 .text.SDMMC_GetCmdResp1
                0x00000000080078c4      0x154 Drivers/STM32F7xx_HAL_Driver/Src/stm32f7xx_ll_sdmmc.o
 .text.SDMMC_GetCmdResp6
                0x0000000008007a18       0xa0 Drivers/STM32F7xx_HAL_Driver/Src/stm32f7xx_ll_sdmmc.o
 .text.SDMMC_ConfigData
                0x0000000008007ab8       0xdc Drivers/STM32F7xx_HAL_Driver/Src/stm32f7xx_ll_sdmmc.o
                0x0000000008007ab8                SDMMC_ConfigData
 .text.SDMMC_CmdBlockLength
                0x0000000008007b94       0x30 Drivers/STM32F7xx_HAL_Driver/Src/stm32f7xx_ll_sdmmc.o
                0x0000000008007b94                SDMMC_CmdBlockLength
 .text.SDMMC_CmdReadSingleBlock
                0x0000000008007bc4       0x30 Drivers/STM32F7xx_HAL_Driver/Src/stm32f7xx_ll_sdmmc.o
                0x0000000008007bc4                SDMMC_CmdReadSingleBlock
 .text.SDMMC_CmdReadMultiBlock
                0x0000000008007bf4       0x30 Drivers/STM32F7xx_HAL_Driver/Src/stm32f7xx_ll_sdmmc.o
                0x0000000008007bf4                SDMMC_CmdReadMultiBlock
 .text.SDMMC_CmdWriteSingleBlock
                0x0000000008007c24       0x30 Drivers/STM32F7xx_HAL_Driver/Src/stm32f7xx_ll_sdmmc.o
                0x0000000008007c24                SDMMC_CmdWriteSingleBlock
 .text.SDMMC_CmdWriteMultiBlock
                0x0000000008007c54       0x30 Drivers/STM32F7xx_HAL_Driver/Src/stm32f7xx_ll_sdmmc.o
                0x0000000008007c54                SDMMC_CmdWriteMultiBlock
 .text.SDMMC_CmdStopTransfer
                0x0000000008007c84       0x34 Drivers/STM32F7xx_HAL_Driver/Src/stm32f7xx_ll_sdmmc.o
                0x0000000008007c84                SDMMC_CmdStopTransfer
 .text.SDMMC_CmdSelDesel
                0x0000000008007cb8       0x30 Drivers/STM32F7xx_HAL_Driver/Src/stm32f7xx_ll_sdmmc.o
                0x0000000008007cb8                SDMMC_CmdSelDesel
 .text.SDMMC_CmdGoIdleState
                0x0000000008007ce8       0x26 Drivers/STM32F7xx_HAL_Driver/Src/stm32f7xx_ll_sdmmc.o
                0x0000000008007ce8                SDMMC_CmdGoIdleState
 .text.SDMMC_CmdOperCond
                0x0000000008007d0e       0x2e Drivers/STM32F7xx_HAL_Driver/Src/stm32f7xx_ll_sdmmc.o
                0x0000000008007d0e                SDMMC_CmdOperCond
 .text.SDMMC_CmdAppCommand
                0x0000000008007d3c       0x30 Drivers/STM32F7xx_HAL_Driver/Src/stm32f7xx_ll_sdmmc.o
                0x0000000008007d3c                SDMMC_CmdAppCommand
 .text.SDMMC_CmdAppOperCommand
                0x0000000008007d6c       0x34 Drivers/STM32F7xx_HAL_Driver/Src/stm32f7xx_ll_sdmmc.o
                0x0000000008007d6c                SDMMC_CmdAppOperCommand
 .text.SDMMC_CmdBusWidth
                0x0000000008007da0       0x30 Drivers/STM32F7xx_HAL_Driver/Src/stm32f7xx_ll_sdmmc.o
                0x0000000008007da0                SDMMC_CmdBusWidth
 .text.SDMMC_CmdSendSCR
                0x0000000008007dd0       0x30 Drivers/STM32F7xx_HAL_Driver/Src/stm32f7xx_ll_sdmmc.o
                0x0000000008007dd0                SDMMC_CmdSendSCR
 .text.SDMMC_CmdSendCID
                0x0000000008007e00       0x2a Drivers/STM32F7xx_HAL_Driver/Src/stm32f7xx_ll_sdmmc.o
                0x0000000008007e00                SDMMC_CmdSendCID
 .text.SDMMC_CmdSendCSD
                0x0000000008007e2a       0x2a Drivers/STM32F7xx_HAL_Driver/Src/stm32f7xx_ll_sdmmc.o
                0x0000000008007e2a                SDMMC_CmdSendCSD
 .text.SDMMC_CmdSetRelAdd
                0x0000000008007e54       0x30 Drivers/STM32F7xx_HAL_Driver/Src/stm32f7xx_ll_sdmmc.o
                0x0000000008007e54                SDMMC_CmdSetRelAdd
 .text.SDMMC_CmdSendStatus
                0x0000000008007e84       0x30 Drivers/STM32F7xx_HAL_Driver/Src/stm32f7xx_ll_sdmmc.o
                0x0000000008007e84                SDMMC_CmdSendStatus
 .text.disk_status
                0x0000000008007eb4       0x18 Middlewares/Third_Party/FatFs/src/diskio.o
                0x0000000008007eb4                disk_status
 .text.disk_initialize
                0x0000000008007ecc       0x28 Middlewares/Third_Party/FatFs/src/diskio.o
                0x0000000008007ecc                disk_initialize
 .text.disk_read
                0x0000000008007ef4       0x18 Middlewares/Third_Party/FatFs/src/diskio.o
                0x0000000008007ef4                disk_read
 .text.ld_word  0x0000000008007f0c        0xa Middlewares/Third_Party/FatFs/src/ff.o
 .text.ld_dword
                0x0000000008007f16       0x16 Middlewares/Third_Party/FatFs/src/ff.o
 .text.ld_qword
                0x0000000008007f2c       0xa8 Middlewares/Third_Party/FatFs/src/ff.o
 .text.mem_cpy  0x0000000008007fd4       0x12 Middlewares/Third_Party/FatFs/src/ff.o
 .text.mem_set  0x0000000008007fe6        0xa Middlewares/Third_Party/FatFs/src/ff.o
 .text.mem_cmp  0x0000000008007ff0       0x1e Middlewares/Third_Party/FatFs/src/ff.o
 .text.chk_chr  0x000000000800800e       0x10 Middlewares/Third_Party/FatFs/src/ff.o
 .text.clust2sect
                0x000000000800801e       0x18 Middlewares/Third_Party/FatFs/src/ff.o
 .text.clmt_clust
                0x0000000008008036       0x30 Middlewares/Third_Party/FatFs/src/ff.o
 .text.ld_clust
                0x0000000008008066       0x28 Middlewares/Third_Party/FatFs/src/ff.o
 *fill*         0x000000000800808e        0x2 
 .text.pick_lfn
                0x0000000008008090       0x88 Middlewares/Third_Party/FatFs/src/ff.o
 .text.sum_sfn  0x0000000008008118       0x1c Middlewares/Third_Party/FatFs/src/ff.o
 .text.xdir_sum
                0x0000000008008134       0x40 Middlewares/Third_Party/FatFs/src/ff.o
 .text.get_xdir_info
                0x0000000008008174       0x80 Middlewares/Third_Party/FatFs/src/ff.o
 .text.get_ldnumber
                0x00000000080081f4       0x4e Middlewares/Third_Party/FatFs/src/ff.o
 .text.validate
                0x0000000008008242       0x48 Middlewares/Third_Party/FatFs/src/ff.o
 .text.move_window
                0x000000000800828a       0x2a Middlewares/Third_Party/FatFs/src/ff.o
 .text.check_fs
                0x00000000080082b4       0x90 Middlewares/Third_Party/FatFs/src/ff.o
 .text.find_volume
                0x0000000008008344      0x3ac Middlewares/Third_Party/FatFs/src/ff.o
 .text.get_fat  0x00000000080086f0      0x164 Middlewares/Third_Party/FatFs/src/ff.o
 .text.dir_sdi  0x0000000008008854       0xb2 Middlewares/Third_Party/FatFs/src/ff.o
 .text.dir_next
                0x0000000008008906       0x94 Middlewares/Third_Party/FatFs/src/ff.o
 *fill*         0x000000000800899a        0x2 
 .text.load_xdir
                0x000000000800899c       0xf0 Middlewares/Third_Party/FatFs/src/ff.o
 .text.dir_read
                0x0000000008008a8c       0xe6 Middlewares/Third_Party/FatFs/src/ff.o
 *fill*         0x0000000008008b72        0x2 
 .text.create_name
                0x0000000008008b74      0x21c Middlewares/Third_Party/FatFs/src/ff.o
 .text.get_fileinfo
                0x0000000008008d90      0x11c Middlewares/Third_Party/FatFs/src/ff.o
 .text.xname_sum
                0x0000000008008eac       0x30 Middlewares/Third_Party/FatFs/src/ff.o
 .text.cmp_lfn  0x0000000008008edc       0xa4 Middlewares/Third_Party/FatFs/src/ff.o
 .text.dir_find
                0x0000000008008f80      0x15c Middlewares/Third_Party/FatFs/src/ff.o
 .text.follow_path
                0x00000000080090dc       0xce Middlewares/Third_Party/FatFs/src/ff.o
 *fill*         0x00000000080091aa        0x2 
 .text.f_mount  0x00000000080091ac       0x60 Middlewares/Third_Party/FatFs/src/ff.o
                0x00000000080091ac                f_mount
 .text.f_open   0x000000000800920c       0xde Middlewares/Third_Party/FatFs/src/ff.o
                0x000000000800920c                f_open
 .text.f_read   0x00000000080092ea      0x18a Middlewares/Third_Party/FatFs/src/ff.o
                0x00000000080092ea                f_read
 .text.f_close  0x0000000008009474       0x1a Middlewares/Third_Party/FatFs/src/ff.o
                0x0000000008009474                f_close
 .text.f_lseek  0x000000000800948e      0x2ca Middlewares/Third_Party/FatFs/src/ff.o
                0x000000000800948e                f_lseek
 .text.f_opendir
                0x0000000008009758       0xb0 Middlewares/Third_Party/FatFs/src/ff.o
                0x0000000008009758                f_opendir
 .text.f_closedir
                0x0000000008009808       0x1a Middlewares/Third_Party/FatFs/src/ff.o
                0x0000000008009808                f_closedir
 .text.f_readdir
                0x0000000008009822       0x4e Middlewares/Third_Party/FatFs/src/ff.o
                0x0000000008009822                f_readdir
 .text.FATFS_LinkDriverEx
                0x0000000008009870       0x48 Middlewares/Third_Party/FatFs/src/ff_gen_drv.o
                0x0000000008009870                FATFS_LinkDriverEx
 .text.FATFS_LinkDriver
                0x00000000080098b8        0xa Middlewares/Third_Party/FatFs/src/ff_gen_drv.o
                0x00000000080098b8                FATFS_LinkDriver
 *fill*         0x00000000080098c2        0x2 
 .text.ff_convert
                0x00000000080098c4       0x38 Middlewares/Third_Party/FatFs/src/option/ccsbcs.o
                0x00000000080098c4                ff_convert
 .text.ff_wtoupper
                0x00000000080098fc       0x24 Middlewares/Third_Party/FatFs/src/option/ccsbcs.o
                0x00000000080098fc                ff_wtoupper
 .text.MP3ClearBadFrame
                0x0000000008009920       0x32 Middlewares/Third_Party/Helix/mp3dec.o
 .text.MP3InitDecoder
                0x0000000008009952        0x8 Middlewares/Third_Party/Helix/mp3dec.o
                0x0000000008009952                MP3InitDecoder
 .text.MP3FindSyncWord
                0x000000000800995a       0x28 Middlewares/Third_Party/Helix/mp3dec.o
                0x000000000800995a                MP3FindSyncWord
 .text.MP3FindFreeSync
                0x0000000008009982       0x4e Middlewares/Third_Party/Helix/mp3dec.o
 .text.MP3GetLastFrameInfo
                0x00000000080099d0       0x6c Middlewares/Third_Party/Helix/mp3dec.o
                0x00000000080099d0                MP3GetLastFrameInfo
 .text.MP3Decode
                0x0000000008009a3c      0x2c4 Middlewares/Third_Party/Helix/mp3dec.o
                0x0000000008009a3c                MP3Decode
 .text.xmp3fixpt_SetBitstreamPointer
                0x0000000008009d00        0xc Middlewares/Third_Party/Helix/real/bitstream.o
                0x0000000008009d00                xmp3fixpt_SetBitstreamPointer
 .text.xmp3fixpt_GetBits
                0x0000000008009d0c       0xbc Middlewares/Third_Party/Helix/real/bitstream.o
                0x0000000008009d0c                xmp3fixpt_GetBits
 .text.xmp3fixpt_CalcBitsUsed
                0x0000000008009dc8        0xe Middlewares/Third_Party/Helix/real/bitstream.o
                0x0000000008009dc8                xmp3fixpt_CalcBitsUsed
 .text.xmp3fixpt_CheckPadBit
                0x0000000008009dd6       0x1c Middlewares/Third_Party/Helix/real/bitstream.o
                0x0000000008009dd6                xmp3fixpt_CheckPadBit
 *fill*         0x0000000008009df2        0x2 
 .text.xmp3fixpt_UnpackFrameHeader
                0x0000000008009df4      0x1fc Middlewares/Third_Party/Helix/real/bitstream.o
                0x0000000008009df4                xmp3fixpt_UnpackFrameHeader
 .text.xmp3fixpt_UnpackSideInfo
                0x0000000008009ff0      0x2ba Middlewares/Third_Party/Helix/real/bitstream.o
                0x0000000008009ff0                xmp3fixpt_UnpackSideInfo
 .text.ClearBuffer
                0x000000000800a2aa       0x10 Middlewares/Third_Party/Helix/real/buffers.o
 .text.xmp3fixpt_FreeBuffers
                0x000000000800a2ba       0x60 Middlewares/Third_Party/Helix/real/buffers.o
                0x000000000800a2ba                xmp3fixpt_FreeBuffers
 .text.xmp3fixpt_AllocateBuffers
                0x000000000800a31a       0xf2 Middlewares/Third_Party/Helix/real/buffers.o
                0x000000000800a31a                xmp3fixpt_AllocateBuffers
 .text.xmp3fixpt_FDCT32
                0x000000000800a40c      0x6d4 Middlewares/Third_Party/Helix/real/dct32.o
                0x000000000800a40c                xmp3fixpt_FDCT32
 .text.xmp3fixpt_Dequantize
                0x000000000800aae0      0x2a4 Middlewares/Third_Party/Helix/real/dequant.o
                0x000000000800aae0                xmp3fixpt_Dequantize
 .text.DequantBlock
                0x000000000800ad84      0x180 Middlewares/Third_Party/Helix/real/dqchan.o
 .text.xmp3fixpt_DequantChannel
                0x000000000800af04      0x240 Middlewares/Third_Party/Helix/real/dqchan.o
                0x000000000800af04                xmp3fixpt_DequantChannel
 .text.DecodeHuffmanPairs
                0x000000000800b144      0x388 Middlewares/Third_Party/Helix/real/huffman.o
 .text.DecodeHuffmanQuads
                0x000000000800b4cc      0x164 Middlewares/Third_Party/Helix/real/huffman.o
 .text.xmp3fixpt_DecodeHuffman
                0x000000000800b630      0x28c Middlewares/Third_Party/Helix/real/huffman.o
                0x000000000800b630                xmp3fixpt_DecodeHuffman
 .text.AntiAlias
                0x000000000800b8bc      0x1ac Middlewares/Third_Party/Helix/real/imdct.o
 .text.WinPrevious
                0x000000000800ba68      0x150 Middlewares/Third_Party/Helix/real/imdct.o
 .text.FreqInvertRescale
                0x000000000800bbb8      0x178 Middlewares/Third_Party/Helix/real/imdct.o
 .text.IMDCT12x3
                0x000000000800bd30      0x3cc Middlewares/Third_Party/Helix/real/imdct.o
 .text.IMDCT36  0x000000000800c0fc      0x468 Middlewares/Third_Party/Helix/real/imdct.o
 .text.HybridTransform
                0x000000000800c564      0x160 Middlewares/Third_Party/Helix/real/imdct.o
 .text.xmp3fixpt_IMDCT
                0x000000000800c6c4      0x1cc Middlewares/Third_Party/Helix/real/imdct.o
                0x000000000800c6c4                xmp3fixpt_IMDCT
 .text.xmp3fixpt_PolyphaseMono
                0x000000000800c890      0x8da Middlewares/Third_Party/Helix/real/polyphase.o
                0x000000000800c890                xmp3fixpt_PolyphaseMono
 .text.xmp3fixpt_PolyphaseStereo
                0x000000000800d16a     0x12ac Middlewares/Third_Party/Helix/real/polyphase.o
                0x000000000800d16a                xmp3fixpt_PolyphaseStereo
 *fill*         0x000000000800e416        0x2 
 .text.UnpackSFMPEG1
                0x000000000800e418      0x184 Middlewares/Third_Party/Helix/real/scalfact.o
 .text.UnpackSFMPEG2
                0x000000000800e59c      0x294 Middlewares/Third_Party/Helix/real/scalfact.o
 .text.xmp3fixpt_UnpackScaleFactors
                0x000000000800e830      0x132 Middlewares/Third_Party/Helix/real/scalfact.o
                0x000000000800e830                xmp3fixpt_UnpackScaleFactors
 .text.xmp3fixpt_MidSideProc
                0x000000000800e962       0x58 Middlewares/Third_Party/Helix/real/stproc.o
                0x000000000800e962                xmp3fixpt_MidSideProc
 *fill*         0x000000000800e9ba        0x2 
 .text.xmp3fixpt_IntensityProcMPEG1
                0x000000000800e9bc      0x2e0 Middlewares/Third_Party/Helix/real/stproc.o
                0x000000000800e9bc                xmp3fixpt_IntensityProcMPEG1
 .text.xmp3fixpt_IntensityProcMPEG2
                0x000000000800ec9c      0x258 Middlewares/Third_Party/Helix/real/stproc.o
                0x000000000800ec9c                xmp3fixpt_IntensityProcMPEG2
 .text.xmp3fixpt_Subband
                0x000000000800eef4      0x110 Middlewares/Third_Party/Helix/real/subband.o
                0x000000000800eef4                xmp3fixpt_Subband
 .text.BSP_SD_ReadBlocks
                0x000000000800f004       0x20 Src/bsp_driver_sd.o
                0x000000000800f004                BSP_SD_ReadBlocks
 .text.BSP_SD_WriteBlocks
                0x000000000800f024       0x20 Src/bsp_driver_sd.o
                0x000000000800f024                BSP_SD_WriteBlocks
 .text.BSP_SD_GetCardState
                0x000000000800f044       0x14 Src/bsp_driver_sd.o
                0x000000000800f044                BSP_SD_GetCardState
 .text.BSP_SD_GetCardInfo
                0x000000000800f058       0x10 Src/bsp_driver_sd.o
                0x000000000800f058                BSP_SD_GetCardInfo
 .text.BSP_SD_IsDetected
                0x000000000800f068       0x20 Src/bsp_driver_sd.o
                0x000000000800f068                BSP_SD_IsDetected
 .text.BSP_SD_Init
                0x000000000800f088       0x34 Src/bsp_driver_sd.o
                0x000000000800f088                BSP_SD_Init
 .text.Color_Convertion
                0x000000000800f0bc       0x28 Src/display.o
 .text.ClearLayer
                0x000000000800f0e4       0x4c Src/display.o
                0x000000000800f0e4                ClearLayer
 .text.ChangeLayers
                0x000000000800f130       0x50 Src/display.o
                0x000000000800f130                ChangeLayers
 .text.SetBeatGrid
                0x000000000800f180       0xcc Src/display.o
                0x000000000800f180                SetBeatGrid
 .text.DrawElement
                0x000000000800f24c       0x90 Src/display.o
                0x000000000800f24c                DrawElement
 .text.VLine    0x000000000800f2dc       0x78 Src/display.o
                0x000000000800f2dc                VLine
 .text.HLine    0x000000000800f354       0x7c Src/display.o
                0x000000000800f354                HLine
 .text.Rectangle
                0x000000000800f3d0       0x58 Src/display.o
                0x000000000800f3d0                Rectangle
 .text.Pixel    0x000000000800f428       0x2c Src/display.o
                0x000000000800f428                Pixel
 .text.DrawDigit
                0x000000000800f454      0x7a4 Src/display.o
                0x000000000800f454                DrawDigit
 .text.DrawLowSpectrum
                0x000000000800fbf8      0xd24 Src/display.o
                0x000000000800fbf8                DrawLowSpectrum
 .text.DrawSpectrum
                0x000000000801091c      0x488 Src/display.o
                0x000000000801091c                DrawSpectrum
 .text.DrawString
                0x0000000008010da4      0x234 Src/display.o
                0x0000000008010da4                DrawString
 .text.DrawMenu
                0x0000000008010fd8      0x550 Src/display.o
                0x0000000008010fd8                DrawMenu
 .text.QuantizePosition
                0x0000000008011528       0x90 Src/display.o
                0x0000000008011528                QuantizePosition
 .text.MX_DMA_Init
                0x00000000080115b8       0x34 Src/dma.o
                0x00000000080115b8                MX_DMA_Init
 .text.MX_DMA2D_Init
                0x00000000080115ec       0x2c Src/dma2d.o
                0x00000000080115ec                MX_DMA2D_Init
 .text.HAL_DMA2D_MspInit
                0x0000000008011618       0x44 Src/dma2d.o
                0x0000000008011618                HAL_DMA2D_MspInit
 .text.MX_FATFS_Init
                0x000000000801165c       0x1c Src/fatfs.o
                0x000000000801165c                MX_FATFS_Init
 .text.BSP_PlatformIsDetected
                0x0000000008011678       0x1c Src/fatfs_platform.o
                0x0000000008011678                BSP_PlatformIsDetected
 .text.HAL_FMC_MspInit
                0x0000000008011694       0xdc Src/fmc.o
 .text.SDRAM_Init
                0x0000000008011770       0xc0 Src/fmc.o
                0x0000000008011770                SDRAM_Init
 .text.MX_FMC_Init
                0x0000000008011830       0x60 Src/fmc.o
                0x0000000008011830                MX_FMC_Init
 .text.HAL_SDRAM_MspInit
                0x0000000008011890        0x8 Src/fmc.o
                0x0000000008011890                HAL_SDRAM_MspInit
 .text.ft5336_Reset
                0x0000000008011898        0x2 Src/ft5336.o
                0x0000000008011898                ft5336_Reset
 .text.ft5336_TS_ITStatus
                0x000000000801189a        0x4 Src/ft5336.o
                0x000000000801189a                ft5336_TS_ITStatus
 .text.ft5336_TS_ClearIT
                0x000000000801189e        0x2 Src/ft5336.o
                0x000000000801189e                ft5336_TS_ClearIT
 .text.ft5336_Get_I2C_InitializedStatus
                0x00000000080118a0        0xc Src/ft5336.o
 .text.ft5336_I2C_InitializeIfRequired
                0x00000000080118ac       0x1c Src/ft5336.o
 .text.ft5336_Init
                0x00000000080118c8        0xe Src/ft5336.o
                0x00000000080118c8                ft5336_Init
 .text.ft5336_ReadID
                0x00000000080118d6       0x4a Src/ft5336.o
                0x00000000080118d6                ft5336_ReadID
 .text.ft5336_TS_DetectTouch
                0x0000000008011920       0x4c Src/ft5336.o
                0x0000000008011920                ft5336_TS_DetectTouch
 .text.ft5336_TS_GetXY
                0x000000000801196c      0x154 Src/ft5336.o
                0x000000000801196c                ft5336_TS_GetXY
 .text.ft5336_TS_EnableIT
                0x0000000008011ac0        0xe Src/ft5336.o
                0x0000000008011ac0                ft5336_TS_EnableIT
 .text.ft5336_TS_DisableIT
                0x0000000008011ace        0xe Src/ft5336.o
                0x0000000008011ace                ft5336_TS_DisableIT
 .text.ft5336_TS_Start
                0x0000000008011adc        0x8 Src/ft5336.o
                0x0000000008011adc                ft5336_TS_Start
 .text.ft5336_TS_GetGestureID
                0x0000000008011ae4       0x22 Src/ft5336.o
                0x0000000008011ae4                ft5336_TS_GetGestureID
 *fill*         0x0000000008011b06        0x2 
 .text.ft5336_TS_GetTouchInfo
                0x0000000008011b08       0xe0 Src/ft5336.o
                0x0000000008011b08                ft5336_TS_GetTouchInfo
 .text.MX_GPIO_Init
                0x0000000008011be8      0x284 Src/gpio.o
                0x0000000008011be8                MX_GPIO_Init
 .text.MX_I2C3_Init
                0x0000000008011e6c       0x58 Src/i2c.o
                0x0000000008011e6c                MX_I2C3_Init
 .text.HAL_I2C_MspInit
                0x0000000008011ec4       0x70 Src/i2c.o
                0x0000000008011ec4                HAL_I2C_MspInit
 .text.MX_LTDC_Init
                0x0000000008011f34      0x108 Src/ltdc.o
                0x0000000008011f34                MX_LTDC_Init
 .text.HAL_LTDC_MspInit
                0x000000000801203c      0x118 Src/ltdc.o
                0x000000000801203c                HAL_LTDC_MspInit
 .text.MPU_Config
                0x0000000008012154        0xe Src/main.o
 *fill*         0x0000000008012162        0x2 
 .text.scan_files
                0x0000000008012164      0x20c Src/main.o
                0x0000000008012164                scan_files
 .text.find_file
                0x0000000008012370       0x80 Src/main.o
                0x0000000008012370                find_file
 .text.Error_Handler
                0x00000000080123f0        0x2 Src/main.o
                0x00000000080123f0                Error_Handler
 *fill*         0x00000000080123f2        0x2 
 .text.SystemClock_Config
                0x00000000080123f4      0x108 Src/main.o
                0x00000000080123f4                SystemClock_Config
 .text.main     0x00000000080124fc      0x364 Src/main.o
                0x00000000080124fc                main
 .text.assert_failed
                0x0000000008012860        0x2 Src/main.o
                0x0000000008012860                assert_failed
 .text.Mp3ReadId3V2Text
                0x0000000008012862       0xb6 Src/mp3player.o
                0x0000000008012862                Mp3ReadId3V2Text
 .text.Mp3ReadId3V2Tag
                0x0000000008012918      0x1f8 Src/mp3player.o
                0x0000000008012918                Mp3ReadId3V2Tag
 .text.PlayMp3File
                0x0000000008012b10      0x258 Src/mp3player.o
                0x0000000008012b10                PlayMp3File
 .text.GetLongNumber
                0x0000000008012d68       0x48 Src/rekordbox.o
 .text.FindToken
                0x0000000008012db0       0x8c Src/rekordbox.o
 .text.DecodeRekordboxFiles
                0x0000000008012e3c      0xd1c Src/rekordbox.o
                0x0000000008012e3c                DecodeRekordboxFiles
 .text.GetFileName
                0x0000000008013b58      0x14c Src/rekordbox.o
                0x0000000008013b58                GetFileName
 .text.MX_SAI2_Init
                0x0000000008013ca4       0x6c Src/sai.o
                0x0000000008013ca4                MX_SAI2_Init
 .text.HAL_SAI_MspInit
                0x0000000008013d10       0xa8 Src/sai.o
                0x0000000008013d10                HAL_SAI_MspInit
 .text.SD_CheckStatus
                0x0000000008013db8       0x24 Src/sd_diskio.o
 .text.SD_initialize
                0x0000000008013ddc       0x28 Src/sd_diskio.o
                0x0000000008013ddc                SD_initialize
 .text.SD_status
                0x0000000008013e04        0x8 Src/sd_diskio.o
                0x0000000008013e04                SD_status
 .text.SD_read  0x0000000008013e0c       0x20 Src/sd_diskio.o
                0x0000000008013e0c                SD_read
 .text.SD_write
                0x0000000008013e2c       0x20 Src/sd_diskio.o
                0x0000000008013e2c                SD_write
 .text.SD_ioctl
                0x0000000008013e4c       0x5c Src/sd_diskio.o
                0x0000000008013e4c                SD_ioctl
 .text.MX_SDMMC1_SD_Init
                0x0000000008013ea8       0x24 Src/sdmmc.o
                0x0000000008013ea8                MX_SDMMC1_SD_Init
 .text.HAL_SD_MspInit
                0x0000000008013ecc       0x98 Src/sdmmc.o
                0x0000000008013ecc                HAL_SD_MspInit
 .text.MX_SPI2_Init
                0x0000000008013f64       0x48 Src/spi.o
                0x0000000008013f64                MX_SPI2_Init
 .text.HAL_SPI_MspInit
                0x0000000008013fac       0xa4 Src/spi.o
                0x0000000008013fac                HAL_SPI_MspInit
 .text.SAIx_Out_Init
                0x0000000008014050       0x64 Src/stm32746g_discovery_audio.o
 .text.BSP_AUDIO_OUT_Play
                0x00000000080140b4       0x40 Src/stm32746g_discovery_audio.o
                0x00000000080140b4                BSP_AUDIO_OUT_Play
 .text.BSP_AUDIO_OUT_Pause
                0x00000000080140f4       0x10 Src/stm32746g_discovery_audio.o
                0x00000000080140f4                BSP_AUDIO_OUT_Pause
 .text.BSP_AUDIO_OUT_Resume
                0x0000000008014104       0x10 Src/stm32746g_discovery_audio.o
                0x0000000008014104                BSP_AUDIO_OUT_Resume
 .text.BSP_AUDIO_OUT_Stop
                0x0000000008014114       0x38 Src/stm32746g_discovery_audio.o
                0x0000000008014114                BSP_AUDIO_OUT_Stop
 .text.BSP_AUDIO_OUT_SetVolume
                0x000000000801414c       0x1c Src/stm32746g_discovery_audio.o
                0x000000000801414c                BSP_AUDIO_OUT_SetVolume
 .text.BSP_AUDIO_OUT_SetMute
                0x0000000008014168       0x1c Src/stm32746g_discovery_audio.o
                0x0000000008014168                BSP_AUDIO_OUT_SetMute
 .text.HAL_SAI_TxCpltCallback
                0x0000000008014184       0x8c Src/stm32746g_discovery_audio.o
                0x0000000008014184                HAL_SAI_TxCpltCallback
 .text.HAL_SAI_TxHalfCpltCallback
                0x0000000008014210       0x88 Src/stm32746g_discovery_audio.o
                0x0000000008014210                HAL_SAI_TxHalfCpltCallback
 .text.BSP_AUDIO_OUT_Error_CallBack
                0x0000000008014298        0x2 Src/stm32746g_discovery_audio.o
                0x0000000008014298                BSP_AUDIO_OUT_Error_CallBack
 *fill*         0x000000000801429a        0x2 
 .text.HAL_SAI_ErrorCallback
                0x000000000801429c       0x28 Src/stm32746g_discovery_audio.o
                0x000000000801429c                HAL_SAI_ErrorCallback
 .text.BSP_AUDIO_OUT_ClockConfig
                0x00000000080142c4       0x8c Src/stm32746g_discovery_audio.o
                0x00000000080142c4                BSP_AUDIO_OUT_ClockConfig
 .text.BSP_AUDIO_OUT_Init
                0x0000000008014350       0x54 Src/stm32746g_discovery_audio.o
                0x0000000008014350                BSP_AUDIO_OUT_Init
 .text.AUDIO_IO_Init
                0x00000000080143a4       0x10 Src/stm32746g_discovery_audio.o
                0x00000000080143a4                AUDIO_IO_Init
 .text.AUDIO_IO_DeInit
                0x00000000080143b4        0x2 Src/stm32746g_discovery_audio.o
                0x00000000080143b4                AUDIO_IO_DeInit
 *fill*         0x00000000080143b6        0x2 
 .text.AUDIO_IO_Write
                0x00000000080143b8       0x30 Src/stm32746g_discovery_audio.o
                0x00000000080143b8                AUDIO_IO_Write
 .text.AUDIO_IO_Read
                0x00000000080143e8       0x3c Src/stm32746g_discovery_audio.o
                0x00000000080143e8                AUDIO_IO_Read
 .text.AUDIO_IO_Delay
                0x0000000008014424        0x8 Src/stm32746g_discovery_audio.o
                0x0000000008014424                AUDIO_IO_Delay
 .text.Mp3FillReadBuffer
                0x000000000801442c       0x38 Src/stm32746g_discovery_audio.o
                0x000000000801442c                Mp3FillReadBuffer
 .text.BSP_TS_Init
                0x0000000008014464       0x50 Src/stm32746g_discovery_ts.o
                0x0000000008014464                BSP_TS_Init
 .text.BSP_TS_ITConfig
                0x00000000080144b4       0x4c Src/stm32746g_discovery_ts.o
                0x00000000080144b4                BSP_TS_ITConfig
 .text.BSP_TS_Get_GestureId
                0x0000000008014500       0x74 Src/stm32746g_discovery_ts.o
                0x0000000008014500                BSP_TS_Get_GestureId
 .text.BSP_TS_GetState
                0x0000000008014574      0x1d0 Src/stm32746g_discovery_ts.o
                0x0000000008014574                BSP_TS_GetState
 .text.BSP_TS_ITClear
                0x0000000008014744       0x18 Src/stm32746g_discovery_ts.o
                0x0000000008014744                BSP_TS_ITClear
 .text.BSP_TS_ResetTouchData
                0x000000000801475c       0x3a Src/stm32746g_discovery_ts.o
                0x000000000801475c                BSP_TS_ResetTouchData
 *fill*         0x0000000008014796        0x2 
 .text.TS_IO_Init
                0x0000000008014798       0x10 Src/stm32746g_discovery_ts.o
                0x0000000008014798                TS_IO_Init
 .text.TS_IO_Write
                0x00000000080147a8       0x28 Src/stm32746g_discovery_ts.o
                0x00000000080147a8                TS_IO_Write
 .text.TS_IO_Read
                0x00000000080147d0       0x30 Src/stm32746g_discovery_ts.o
                0x00000000080147d0                TS_IO_Read
 .text.TS_IO_Delay
                0x0000000008014800        0x8 Src/stm32746g_discovery_ts.o
                0x0000000008014800                TS_IO_Delay
 .text.HAL_MspInit
                0x0000000008014808       0x30 Src/stm32f7xx_hal_msp.o
                0x0000000008014808                HAL_MspInit
 .text.NMI_Handler
                0x0000000008014838        0x2 Src/stm32f7xx_it.o
                0x0000000008014838                NMI_Handler
 .text.HardFault_Handler
                0x000000000801483a        0x2 Src/stm32f7xx_it.o
                0x000000000801483a                HardFault_Handler
 .text.MemManage_Handler
                0x000000000801483c        0x2 Src/stm32f7xx_it.o
                0x000000000801483c                MemManage_Handler
 .text.BusFault_Handler
                0x000000000801483e        0x2 Src/stm32f7xx_it.o
                0x000000000801483e                BusFault_Handler
 .text.UsageFault_Handler
                0x0000000008014840        0x2 Src/stm32f7xx_it.o
                0x0000000008014840                UsageFault_Handler
 .text.SVC_Handler
                0x0000000008014842        0x2 Src/stm32f7xx_it.o
                0x0000000008014842                SVC_Handler
 .text.DebugMon_Handler
                0x0000000008014844        0x2 Src/stm32f7xx_it.o
                0x0000000008014844                DebugMon_Handler
 .text.PendSV_Handler
                0x0000000008014846        0x2 Src/stm32f7xx_it.o
                0x0000000008014846                PendSV_Handler
 .text.SysTick_Handler
                0x0000000008014848        0x8 Src/stm32f7xx_it.o
                0x0000000008014848                SysTick_Handler
 .text.EXTI0_IRQHandler
                0x0000000008014850       0x24 Src/stm32f7xx_it.o
                0x0000000008014850                EXTI0_IRQHandler
 .text.EXTI2_IRQHandler
                0x0000000008014874        0xa Src/stm32f7xx_it.o
                0x0000000008014874                EXTI2_IRQHandler
 *fill*         0x000000000801487e        0x2 
 .text.TIM1_BRK_TIM9_IRQHandler
                0x0000000008014880       0x78 Src/stm32f7xx_it.o
                0x0000000008014880                TIM1_BRK_TIM9_IRQHandler
 .text.TIM4_IRQHandler
                0x00000000080148f8       0x34 Src/stm32f7xx_it.o
                0x00000000080148f8                TIM4_IRQHandler
 .text.SPI2_IRQHandler
                0x000000000801492c       0x10 Src/stm32f7xx_it.o
                0x000000000801492c                SPI2_IRQHandler
 *fill*         0x000000000801493c        0x4 
 .text.EXTI15_10_IRQHandler
                0x0000000008014940      0x478 Src/stm32f7xx_it.o
                0x0000000008014940                EXTI15_10_IRQHandler
 .text.TIM8_UP_TIM13_IRQHandler
                0x0000000008014db8       0x3c Src/stm32f7xx_it.o
                0x0000000008014db8                TIM8_UP_TIM13_IRQHandler
 .text.TIM5_IRQHandler
                0x0000000008014df4       0xa4 Src/stm32f7xx_it.o
                0x0000000008014df4                TIM5_IRQHandler
 .text.TIM6_DAC_IRQHandler
                0x0000000008014e98       0x2c Src/stm32f7xx_it.o
                0x0000000008014e98                TIM6_DAC_IRQHandler
 .text.TIM7_IRQHandler
                0x0000000008014ec4       0x28 Src/stm32f7xx_it.o
                0x0000000008014ec4                TIM7_IRQHandler
 .text.DMA2_Stream4_IRQHandler
                0x0000000008014eec       0x10 Src/stm32f7xx_it.o
                0x0000000008014eec                DMA2_Stream4_IRQHandler
 .text.HAL_SPI_TxRxCpltCallback
                0x0000000008014efc      0x9bc Src/stm32f7xx_it.o
                0x0000000008014efc                HAL_SPI_TxRxCpltCallback
 .text._sbrk    0x00000000080158b8       0x3c Src/syscalls.o
                0x00000000080158b8                _sbrk
 .text.SystemInit
                0x00000000080158f4       0x50 Src/system_stm32f7xx.o
                0x00000000080158f4                SystemInit
 .text.MX_TIM4_Init
                0x0000000008015944       0x74 Src/tim.o
                0x0000000008015944                MX_TIM4_Init
 .text.MX_TIM5_Init
                0x00000000080159b8       0x74 Src/tim.o
                0x00000000080159b8                MX_TIM5_Init
 .text.MX_TIM6_Init
                0x0000000008015a2c       0x54 Src/tim.o
                0x0000000008015a2c                MX_TIM6_Init
 .text.MX_TIM7_Init
                0x0000000008015a80       0x54 Src/tim.o
                0x0000000008015a80                MX_TIM7_Init
 .text.MX_TIM8_Init
                0x0000000008015ad4       0x78 Src/tim.o
                0x0000000008015ad4                MX_TIM8_Init
 .text.MX_TIM9_Init
                0x0000000008015b4c       0x58 Src/tim.o
                0x0000000008015b4c                MX_TIM9_Init
 .text.HAL_TIM_Base_MspInit
                0x0000000008015ba4      0x18c Src/tim.o
                0x0000000008015ba4                HAL_TIM_Base_MspInit
 .text.ReadWavHeader
                0x0000000008015d30       0x1c Src/waveplayer.o
                0x0000000008015d30                ReadWavHeader
 .text.TrackTime
                0x0000000008015d4c       0x90 Src/waveplayer.o
                0x0000000008015d4c                TrackTime
 .text.GoToPosition
                0x0000000008015ddc      0x118 Src/waveplayer.o
                0x0000000008015ddc                GoToPosition
 .text.GetTrackTime
                0x0000000008015ef4       0xe8 Src/waveplayer.o
                0x0000000008015ef4                GetTrackTime
 .text.PlayWavFile
                0x0000000008015fdc      0x260 Src/waveplayer.o
                0x0000000008015fdc                PlayWavFile
 .text.CODEC_IO_Write
                0x000000000801623c        0xa Src/wm8994.o
 *fill*         0x0000000008016246        0x2 
 .text.wm8994_SetMute
                0x0000000008016248       0x58 Src/wm8994.o
                0x0000000008016248                wm8994_SetMute
 .text.wm8994_Play
                0x00000000080162a0        0xa Src/wm8994.o
                0x00000000080162a0                wm8994_Play
 .text.wm8994_Resume
                0x00000000080162aa        0xa Src/wm8994.o
                0x00000000080162aa                wm8994_Resume
 .text.wm8994_Pause
                0x00000000080162b4       0x1a Src/wm8994.o
                0x00000000080162b4                wm8994_Pause
 *fill*         0x00000000080162ce        0x2 
 .text.wm8994_Stop
                0x00000000080162d0       0x7c Src/wm8994.o
                0x00000000080162d0                wm8994_Stop
 .text.wm8994_SetVolume
                0x000000000801634c      0x138 Src/wm8994.o
                0x000000000801634c                wm8994_SetVolume
 .text.wm8994_Init
                0x0000000008016484      0x70c Src/wm8994.o
                0x0000000008016484                wm8994_Init
 .text.wm8994_SetOutputMode
                0x0000000008016b90      0x136 Src/wm8994.o
                0x0000000008016b90                wm8994_SetOutputMode
 *fill*         0x0000000008016cc6        0x2 
 .text.wm8994_SetFrequency
                0x0000000008016cc8       0xac Src/wm8994.o
                0x0000000008016cc8                wm8994_SetFrequency
 .text.wm8994_Reset
                0x0000000008016d74       0x20 Src/wm8994.o
                0x0000000008016d74                wm8994_Reset
 .text.wm8994_DeInit
                0x0000000008016d94        0x8 Src/wm8994.o
                0x0000000008016d94                wm8994_DeInit
 .text.wm8994_ReadID
                0x0000000008016d9c       0x12 Src/wm8994.o
                0x0000000008016d9c                wm8994_ReadID
 *fill*         0x0000000008016dae        0x2 
 .text.Reset_Handler
                0x0000000008016db0       0x50 startup/startup_stm32f746xx.o
                0x0000000008016db0                Reset_Handler
 .text.Default_Handler
                0x0000000008016e00        0x2 startup/startup_stm32f746xx.o
                0x0000000008016e00                RTC_Alarm_IRQHandler
                0x0000000008016e00                TIM8_CC_IRQHandler
                0x0000000008016e00                UART8_IRQHandler
                0x0000000008016e00                SPI4_IRQHandler
                0x0000000008016e00                TIM1_CC_IRQHandler
                0x0000000008016e00                DMA2_Stream5_IRQHandler
                0x0000000008016e00                DMA1_Stream5_IRQHandler
                0x0000000008016e00                PVD_IRQHandler
                0x0000000008016e00                TAMP_STAMP_IRQHandler
                0x0000000008016e00                CAN2_RX1_IRQHandler
                0x0000000008016e00                EXTI3_IRQHandler
                0x0000000008016e00                TIM8_TRG_COM_TIM14_IRQHandler
                0x0000000008016e00                TIM1_UP_TIM10_IRQHandler
                0x0000000008016e00                I2C3_ER_IRQHandler
                0x0000000008016e00                I2C2_EV_IRQHandler
                0x0000000008016e00                DMA1_Stream2_IRQHandler
                0x0000000008016e00                CAN1_RX0_IRQHandler
                0x0000000008016e00                FPU_IRQHandler
                0x0000000008016e00                OTG_HS_WKUP_IRQHandler
                0x0000000008016e00                LTDC_ER_IRQHandler
                0x0000000008016e00                CAN2_SCE_IRQHandler
                0x0000000008016e00                DMA2_Stream2_IRQHandler
                0x0000000008016e00                SPI1_IRQHandler
                0x0000000008016e00                DCMI_IRQHandler
                0x0000000008016e00                CAN2_RX0_IRQHandler
                0x0000000008016e00                DMA2_Stream3_IRQHandler
                0x0000000008016e00                SAI2_IRQHandler
                0x0000000008016e00                USART6_IRQHandler
                0x0000000008016e00                USART3_IRQHandler
                0x0000000008016e00                CAN1_RX1_IRQHandler
                0x0000000008016e00                UART5_IRQHandler
                0x0000000008016e00                DMA2_Stream0_IRQHandler
                0x0000000008016e00                QUADSPI_IRQHandler
                0x0000000008016e00                I2C1_EV_IRQHandler
                0x0000000008016e00                DMA1_Stream6_IRQHandler
                0x0000000008016e00                DMA1_Stream1_IRQHandler
                0x0000000008016e00                UART4_IRQHandler
                0x0000000008016e00                TIM3_IRQHandler
                0x0000000008016e00                RCC_IRQHandler
                0x0000000008016e00                TIM8_BRK_TIM12_IRQHandler
                0x0000000008016e00                Default_Handler
                0x0000000008016e00                CEC_IRQHandler
                0x0000000008016e00                ADC_IRQHandler
                0x0000000008016e00                DMA1_Stream7_IRQHandler
                0x0000000008016e00                SPI5_IRQHandler
                0x0000000008016e00                SDMMC1_IRQHandler
                0x0000000008016e00                CAN2_TX_IRQHandler
                0x0000000008016e00                DMA2_Stream7_IRQHandler
                0x0000000008016e00                I2C3_EV_IRQHandler
                0x0000000008016e00                EXTI9_5_IRQHandler
                0x0000000008016e00                RTC_WKUP_IRQHandler
                0x0000000008016e00                LTDC_IRQHandler
                0x0000000008016e00                ETH_WKUP_IRQHandler
                0x0000000008016e00                SPDIF_RX_IRQHandler
                0x0000000008016e00                OTG_HS_EP1_IN_IRQHandler
                0x0000000008016e00                DMA1_Stream0_IRQHandler
                0x0000000008016e00                CAN1_TX_IRQHandler
                0x0000000008016e00                EXTI4_IRQHandler
                0x0000000008016e00                RNG_IRQHandler
                0x0000000008016e00                ETH_IRQHandler
                0x0000000008016e00                OTG_HS_EP1_OUT_IRQHandler
                0x0000000008016e00                WWDG_IRQHandler
                0x0000000008016e00                SPI6_IRQHandler
                0x0000000008016e00                I2C4_EV_IRQHandler
                0x0000000008016e00                TIM2_IRQHandler
                0x0000000008016e00                OTG_FS_WKUP_IRQHandler
                0x0000000008016e00                TIM1_TRG_COM_TIM11_IRQHandler
                0x0000000008016e00                OTG_HS_IRQHandler
                0x0000000008016e00                DMA2D_IRQHandler
                0x0000000008016e00                EXTI1_IRQHandler
                0x0000000008016e00                UART7_IRQHandler
                0x0000000008016e00                USART2_IRQHandler
                0x0000000008016e00                I2C2_ER_IRQHandler
                0x0000000008016e00                DMA2_Stream1_IRQHandler
                0x0000000008016e00                CAN1_SCE_IRQHandler
                0x0000000008016e00                FLASH_IRQHandler
                0x0000000008016e00                USART1_IRQHandler
                0x0000000008016e00                OTG_FS_IRQHandler
                0x0000000008016e00                SPI3_IRQHandler
                0x0000000008016e00                DMA1_Stream4_IRQHandler
                0x0000000008016e00                I2C1_ER_IRQHandler
                0x0000000008016e00                FMC_IRQHandler
                0x0000000008016e00                LPTIM1_IRQHandler
                0x0000000008016e00                I2C4_ER_IRQHandler
                0x0000000008016e00                DMA2_Stream6_IRQHandler
                0x0000000008016e00                SAI1_IRQHandler
                0x0000000008016e00                DMA1_Stream3_IRQHandler
 *fill*         0x0000000008016e02        0x2 
 .text.__errno  0x0000000008016e04        0xc c:/st/stm32cubeide_1.0.0/stm32cubeide/plugins/com.st.stm32cube.ide.mcu.externaltools.gnu-tools-for-stm32.7-2018-q2-update.win32_1.0.0.201904181610/tools/bin/../lib/gcc/arm-none-eabi/7.3.1/../../../../arm-none-eabi/lib/thumb/v7e-m/fpv4-sp/hard\libc_nano.a(lib_a-errno.o)
                0x0000000008016e04                __errno
 .text.__libc_init_array
                0x0000000008016e10       0x48 c:/st/stm32cubeide_1.0.0/stm32cubeide/plugins/com.st.stm32cube.ide.mcu.externaltools.gnu-tools-for-stm32.7-2018-q2-update.win32_1.0.0.201904181610/tools/bin/../lib/gcc/arm-none-eabi/7.3.1/../../../../arm-none-eabi/lib/thumb/v7e-m/fpv4-sp/hard\libc_nano.a(lib_a-init.o)
                0x0000000008016e10                __libc_init_array
 .text.malloc   0x0000000008016e58       0x10 c:/st/stm32cubeide_1.0.0/stm32cubeide/plugins/com.st.stm32cube.ide.mcu.externaltools.gnu-tools-for-stm32.7-2018-q2-update.win32_1.0.0.201904181610/tools/bin/../lib/gcc/arm-none-eabi/7.3.1/../../../../arm-none-eabi/lib/thumb/v7e-m/fpv4-sp/hard\libc_nano.a(lib_a-malloc.o)
                0x0000000008016e58                malloc
 .text.free     0x0000000008016e68       0x10 c:/st/stm32cubeide_1.0.0/stm32cubeide/plugins/com.st.stm32cube.ide.mcu.externaltools.gnu-tools-for-stm32.7-2018-q2-update.win32_1.0.0.201904181610/tools/bin/../lib/gcc/arm-none-eabi/7.3.1/../../../../arm-none-eabi/lib/thumb/v7e-m/fpv4-sp/hard\libc_nano.a(lib_a-malloc.o)
                0x0000000008016e68                free
 .text.memcpy   0x0000000008016e78       0x16 c:/st/stm32cubeide_1.0.0/stm32cubeide/plugins/com.st.stm32cube.ide.mcu.externaltools.gnu-tools-for-stm32.7-2018-q2-update.win32_1.0.0.201904181610/tools/bin/../lib/gcc/arm-none-eabi/7.3.1/../../../../arm-none-eabi/lib/thumb/v7e-m/fpv4-sp/hard\libc_nano.a(lib_a-memcpy-stub.o)
                0x0000000008016e78                memcpy
 .text.memmove  0x0000000008016e8e       0x32 c:/st/stm32cubeide_1.0.0/stm32cubeide/plugins/com.st.stm32cube.ide.mcu.externaltools.gnu-tools-for-stm32.7-2018-q2-update.win32_1.0.0.201904181610/tools/bin/../lib/gcc/arm-none-eabi/7.3.1/../../../../arm-none-eabi/lib/thumb/v7e-m/fpv4-sp/hard\libc_nano.a(lib_a-memmove.o)
                0x0000000008016e8e                memmove
 .text.memset   0x0000000008016ec0       0x10 c:/st/stm32cubeide_1.0.0/stm32cubeide/plugins/com.st.stm32cube.ide.mcu.externaltools.gnu-tools-for-stm32.7-2018-q2-update.win32_1.0.0.201904181610/tools/bin/../lib/gcc/arm-none-eabi/7.3.1/../../../../arm-none-eabi/lib/thumb/v7e-m/fpv4-sp/hard\libc_nano.a(lib_a-memset.o)
                0x0000000008016ec0                memset
 .text._free_r  0x0000000008016ed0       0x9c c:/st/stm32cubeide_1.0.0/stm32cubeide/plugins/com.st.stm32cube.ide.mcu.externaltools.gnu-tools-for-stm32.7-2018-q2-update.win32_1.0.0.201904181610/tools/bin/../lib/gcc/arm-none-eabi/7.3.1/../../../../arm-none-eabi/lib/thumb/v7e-m/fpv4-sp/hard\libc_nano.a(lib_a-nano-freer.o)
                0x0000000008016ed0                _free_r
 .text._malloc_r
                0x0000000008016f6c       0xb4 c:/st/stm32cubeide_1.0.0/stm32cubeide/plugins/com.st.stm32cube.ide.mcu.externaltools.gnu-tools-for-stm32.7-2018-q2-update.win32_1.0.0.201904181610/tools/bin/../lib/gcc/arm-none-eabi/7.3.1/../../../../arm-none-eabi/lib/thumb/v7e-m/fpv4-sp/hard\libc_nano.a(lib_a-nano-mallocr.o)
                0x0000000008016f6c                _malloc_r
 .text._sbrk_r  0x0000000008017020       0x20 c:/st/stm32cubeide_1.0.0/stm32cubeide/plugins/com.st.stm32cube.ide.mcu.externaltools.gnu-tools-for-stm32.7-2018-q2-update.win32_1.0.0.201904181610/tools/bin/../lib/gcc/arm-none-eabi/7.3.1/../../../../arm-none-eabi/lib/thumb/v7e-m/fpv4-sp/hard\libc_nano.a(lib_a-sbrkr.o)
                0x0000000008017020                _sbrk_r
 .text.sprintf  0x0000000008017040       0x40 c:/st/stm32cubeide_1.0.0/stm32cubeide/plugins/com.st.stm32cube.ide.mcu.externaltools.gnu-tools-for-stm32.7-2018-q2-update.win32_1.0.0.201904181610/tools/bin/../lib/gcc/arm-none-eabi/7.3.1/../../../../arm-none-eabi/lib/thumb/v7e-m/fpv4-sp/hard\libc_nano.a(lib_a-sprintf.o)
                0x0000000008017040                siprintf
                0x0000000008017040                sprintf
 .text.strcat   0x0000000008017080       0x1e c:/st/stm32cubeide_1.0.0/stm32cubeide/plugins/com.st.stm32cube.ide.mcu.externaltools.gnu-tools-for-stm32.7-2018-q2-update.win32_1.0.0.201904181610/tools/bin/../lib/gcc/arm-none-eabi/7.3.1/../../../../arm-none-eabi/lib/thumb/v7e-m/fpv4-sp/hard\libc_nano.a(lib_a-strcat.o)
                0x0000000008017080                strcat
 .text.strncmp  0x000000000801709e       0x24 c:/st/stm32cubeide_1.0.0/stm32cubeide/plugins/com.st.stm32cube.ide.mcu.externaltools.gnu-tools-for-stm32.7-2018-q2-update.win32_1.0.0.201904181610/tools/bin/../lib/gcc/arm-none-eabi/7.3.1/../../../../arm-none-eabi/lib/thumb/v7e-m/fpv4-sp/hard\libc_nano.a(lib_a-strncmp.o)
                0x000000000801709e                strncmp
 .text.wcscat   0x00000000080170c2       0x20 c:/st/stm32cubeide_1.0.0/stm32cubeide/plugins/com.st.stm32cube.ide.mcu.externaltools.gnu-tools-for-stm32.7-2018-q2-update.win32_1.0.0.201904181610/tools/bin/../lib/gcc/arm-none-eabi/7.3.1/../../../../arm-none-eabi/lib/thumb/v7e-m/fpv4-sp/hard\libc_nano.a(lib_a-wcscat.o)
                0x00000000080170c2                wcscat
 .text.wcscpy   0x00000000080170e2       0x18 c:/st/stm32cubeide_1.0.0/stm32cubeide/plugins/com.st.stm32cube.ide.mcu.externaltools.gnu-tools-for-stm32.7-2018-q2-update.win32_1.0.0.201904181610/tools/bin/../lib/gcc/arm-none-eabi/7.3.1/../../../../arm-none-eabi/lib/thumb/v7e-m/fpv4-sp/hard\libc_nano.a(lib_a-wcscpy.o)
                0x00000000080170e2                wcscpy
 .text.__malloc_lock
                0x00000000080170fa        0x2 c:/st/stm32cubeide_1.0.0/stm32cubeide/plugins/com.st.stm32cube.ide.mcu.externaltools.gnu-tools-for-stm32.7-2018-q2-update.win32_1.0.0.201904181610/tools/bin/../lib/gcc/arm-none-eabi/7.3.1/../../../../arm-none-eabi/lib/thumb/v7e-m/fpv4-sp/hard\libc_nano.a(lib_a-mlock.o)
                0x00000000080170fa                __malloc_lock
 .text.__malloc_unlock
                0x00000000080170fc        0x2 c:/st/stm32cubeide_1.0.0/stm32cubeide/plugins/com.st.stm32cube.ide.mcu.externaltools.gnu-tools-for-stm32.7-2018-q2-update.win32_1.0.0.201904181610/tools/bin/../lib/gcc/arm-none-eabi/7.3.1/../../../../arm-none-eabi/lib/thumb/v7e-m/fpv4-sp/hard\libc_nano.a(lib_a-mlock.o)
                0x00000000080170fc                __malloc_unlock
 .text.__ssputs_r
                0x00000000080170fe       0xb4 c:/st/stm32cubeide_1.0.0/stm32cubeide/plugins/com.st.stm32cube.ide.mcu.externaltools.gnu-tools-for-stm32.7-2018-q2-update.win32_1.0.0.201904181610/tools/bin/../lib/gcc/arm-none-eabi/7.3.1/../../../../arm-none-eabi/lib/thumb/v7e-m/fpv4-sp/hard\libc_nano.a(lib_a-nano-svfprintf.o)
                0x00000000080170fe                __ssputs_r
 *fill*         0x00000000080171b2        0x2 
 .text._svfprintf_r
                0x00000000080171b4      0x1f0 c:/st/stm32cubeide_1.0.0/stm32cubeide/plugins/com.st.stm32cube.ide.mcu.externaltools.gnu-tools-for-stm32.7-2018-q2-update.win32_1.0.0.201904181610/tools/bin/../lib/gcc/arm-none-eabi/7.3.1/../../../../arm-none-eabi/lib/thumb/v7e-m/fpv4-sp/hard\libc_nano.a(lib_a-nano-svfprintf.o)
                0x00000000080171b4                _svfiprintf_r
                0x00000000080171b4                _svfprintf_r
 .text._printf_common
                0x00000000080173a4       0xea c:/st/stm32cubeide_1.0.0/stm32cubeide/plugins/com.st.stm32cube.ide.mcu.externaltools.gnu-tools-for-stm32.7-2018-q2-update.win32_1.0.0.201904181610/tools/bin/../lib/gcc/arm-none-eabi/7.3.1/../../../../arm-none-eabi/lib/thumb/v7e-m/fpv4-sp/hard\libc_nano.a(lib_a-nano-vfprintf_i.o)
                0x00000000080173a4                _printf_common
 *fill*         0x000000000801748e        0x2 
 .text._printf_i
                0x0000000008017490      0x224 c:/st/stm32cubeide_1.0.0/stm32cubeide/plugins/com.st.stm32cube.ide.mcu.externaltools.gnu-tools-for-stm32.7-2018-q2-update.win32_1.0.0.201904181610/tools/bin/../lib/gcc/arm-none-eabi/7.3.1/../../../../arm-none-eabi/lib/thumb/v7e-m/fpv4-sp/hard\libc_nano.a(lib_a-nano-vfprintf_i.o)
                0x0000000008017490                _printf_i
 .text._realloc_r
                0x00000000080176b4       0x4c c:/st/stm32cubeide_1.0.0/stm32cubeide/plugins/com.st.stm32cube.ide.mcu.externaltools.gnu-tools-for-stm32.7-2018-q2-update.win32_1.0.0.201904181610/tools/bin/../lib/gcc/arm-none-eabi/7.3.1/../../../../arm-none-eabi/lib/thumb/v7e-m/fpv4-sp/hard\libc_nano.a(lib_a-nano-reallocr.o)
                0x00000000080176b4                _realloc_r
 .text._malloc_usable_size_r
                0x0000000008017700       0x10 c:/st/stm32cubeide_1.0.0/stm32cubeide/plugins/com.st.stm32cube.ide.mcu.externaltools.gnu-tools-for-stm32.7-2018-q2-update.win32_1.0.0.201904181610/tools/bin/../lib/gcc/arm-none-eabi/7.3.1/../../../../arm-none-eabi/lib/thumb/v7e-m/fpv4-sp/hard\libc_nano.a(lib_a-nano-msizer.o)
                0x0000000008017700                _malloc_usable_size_r
 *(.glue_7)