ff.c:618:6:ld_word	0	static
ff.c:628:7:ld_dword	0	static
ff.c:641:7:ld_qword	20	static
ff.c:698:6:mem_cpy	0	static
ff.c:711:6:mem_set	0	static
ff.c:721:5:mem_cmp	8	static
ff.c:734:5:chk_chr	0	static
ff.c:988:7:clust2sect	0	static
ff.c:1445:7:clmt_clust	8	static
ff.c:1637:7:ld_clust	16	static
ff.c:1718:5:pick_lfn	24	static
ff.c:1853:6:sum_sfn	0	static
ff.c:1876:6:xdir_sum	4	static
ff.c:1934:6:get_xdir_info	24	static
ff.c:2909:5:get_ldnumber	4	static
ff.c:3221:9:validate	16	static
ff.c:917:9:move_window	16	static
ff.c:2970:6:check_fs	8	static
ff.c:2998:9:find_volume	48	static
ff.c:1006:7:get_fat	24	static
ff.c:1475:9:dir_sdi	24	static
ff.c:1524:9:dir_next	24	static
ff.c:1983:9:load_xdir	24	static
ff.c:2136:9:dir_read	32	static
ff.c:2623:9:create_name	48	static
ff.c:2449:6:get_fileinfo	24	static
ff.c:1898:6:xname_sum	16	static
ff.c:1682:5:cmp_lfn	32	static
ff.c:2215:9:dir_find	40	static
ff.c:2818:9:follow_path	24	static
ff.c:3265:9:f_mount	24	static
ff.c:3313:9:f_open	120	static
ff.c:3516:9:f_read	56	static
ff.c:3818:9:f_close	16	static
ff.c:4006:9:f_lseek	64	static
ff.c:4167:9:f_opendir	32	static
ff.c:4237:9:f_closedir	16	static
ff.c:4270:9:f_readdir	24	static
ff.c:4358:9:f_stat	104	static
ff.c:5835:8:f_gets	32	static
