ft5336.c:163:6:ft5336_Reset	0	static
ft5336.c:409:9:ft5336_TS_ITStatus	0	static
ft5336.c:422:6:ft5336_TS_ClearIT	0	static
ft5336.c:570:16:ft5336_Get_I2C_InitializedStatus	0	static
ft5336.c:580:13:ft5336_I2C_InitializeIfRequired	8	static
ft5336.c:147:6:ft5336_Init	8	static
ft5336.c:175:10:ft5336_ReadID	24	static
ft5336.c:224:9:ft5336_TS_DetectTouch	16	static
ft5336.c:256:6:ft5336_TS_GetXY	40	static
ft5336.c:377:6:ft5336_TS_EnableIT	8	static
ft5336.c:392:6:ft5336_TS_DisableIT	8	static
ft5336.c:207:6:ft5336_TS_Start	8	static
ft5336.c:437:6:ft5336_TS_GetGestureID	16	static
ft5336.c:461:6:ft5336_TS_GetTouchInfo	32	static
