stm32746g_discovery_audio.c:735:13:SAIx_Out_Init	8	static
stm32746g_discovery_audio.c:1268:13:SAIx_In_Init	48	static
stm32746g_discovery_audio.c:791:13:SAIx_Out_DeInit	8	static
stm32746g_discovery_audio.c:1373:13:SAIx_In_DeInit	8	static
stm32746g_discovery_audio.c:241:9:BSP_AUDIO_OUT_Play	16	static
stm32746g_discovery_audio.c:263:6:BSP_AUDIO_OUT_ChangeBuffer	8	static
stm32746g_discovery_audio.c:276:9:BSP_AUDIO_OUT_Pause	8	static
stm32746g_discovery_audio.c:299:9:BSP_AUDIO_OUT_Resume	8	static
stm32746g_discovery_audio.c:324:9:BSP_AUDIO_OUT_Stop	8	static
stm32746g_discovery_audio.c:352:9:BSP_AUDIO_OUT_SetVolume	8	static
stm32746g_discovery_audio.c:372:9:BSP_AUDIO_OUT_SetMute	8	static
stm32746g_discovery_audio.c:393:9:BSP_AUDIO_OUT_SetOutputMode	8	static
stm32746g_discovery_audio.c:441:6:BSP_AUDIO_OUT_SetAudioFrameSlot	8	static
stm32746g_discovery_audio.c:470:6:HAL_SAI_TxCpltCallback	8	static
stm32746g_discovery_audio.c:494:6:HAL_SAI_TxHalfCpltCallback	8	static
stm32746g_discovery_audio.c:542:13:BSP_AUDIO_OUT_TransferComplete_CallBack	0	static
stm32746g_discovery_audio.c:550:13:BSP_AUDIO_OUT_HalfTransfer_CallBack	0	static
stm32746g_discovery_audio.c:558:13:BSP_AUDIO_OUT_Error_CallBack	0	static
stm32746g_discovery_audio.c:518:6:HAL_SAI_ErrorCallback	8	static
stm32746g_discovery_audio.c:568:6:BSP_AUDIO_OUT_MspInit	72	static
stm32746g_discovery_audio.c:651:6:BSP_AUDIO_OUT_MspDeInit	8	static
stm32746g_discovery_audio.c:458:6:BSP_AUDIO_OUT_DeInit	8	static
stm32746g_discovery_audio.c:696:6:BSP_AUDIO_OUT_ClockConfig	152	static
stm32746g_discovery_audio.c:199:9:BSP_AUDIO_OUT_Init	24	static
stm32746g_discovery_audio.c:414:6:BSP_AUDIO_OUT_SetFrequency	16	static
stm32746g_discovery_audio.c:992:10:BSP_AUDIO_IN_Record	8	static
stm32746g_discovery_audio.c:1014:9:BSP_AUDIO_IN_Stop	8	static
stm32746g_discovery_audio.c:1040:9:BSP_AUDIO_IN_Pause	8	static
stm32746g_discovery_audio.c:1052:9:BSP_AUDIO_IN_Resume	8	static
stm32746g_discovery_audio.c:1065:9:BSP_AUDIO_IN_SetVolume	8	static
stm32746g_discovery_audio.c:1097:6:HAL_SAI_RxCpltCallback	0	static
stm32746g_discovery_audio.c:1108:6:HAL_SAI_RxHalfCpltCallback	0	static
stm32746g_discovery_audio.c:1119:6:BSP_AUDIO_IN_TransferComplete_CallBack	0	static
stm32746g_discovery_audio.c:1130:6:BSP_AUDIO_IN_HalfTransfer_CallBack	0	static
stm32746g_discovery_audio.c:1141:6:BSP_AUDIO_IN_Error_CallBack	0	static
stm32746g_discovery_audio.c:1153:6:BSP_AUDIO_IN_MspInit	64	static
stm32746g_discovery_audio.c:830:9:BSP_AUDIO_IN_InitEx	16	static
stm32746g_discovery_audio.c:817:9:BSP_AUDIO_IN_Init	8	static
stm32746g_discovery_audio.c:908:9:BSP_AUDIO_IN_OUT_Init	24	static
stm32746g_discovery_audio.c:1226:6:BSP_AUDIO_IN_MspDeInit	8	static
stm32746g_discovery_audio.c:1085:6:BSP_AUDIO_IN_DeInit	8	static
stm32746g_discovery_audio.c:1390:6:AUDIO_IO_Init	8	static
stm32746g_discovery_audio.c:1399:6:AUDIO_IO_DeInit	0	static
stm32746g_discovery_audio.c:1410:6:AUDIO_IO_Write	32	static
stm32746g_discovery_audio.c:1427:10:AUDIO_IO_Read	32	static
stm32746g_discovery_audio.c:1447:6:AUDIO_IO_Delay	8	static
stm32746g_discovery_audio.c:1452:6:Mp3FillReadBuffer	24	static
