stm32f7xx_it.c:145:6:NMI_Handler	0	static
stm32f7xx_it.c:158:6:HardFault_Handler	0	static
stm32f7xx_it.c:173:6:MemManage_Handler	0	static
stm32f7xx_it.c:188:6:BusFault_Handler	0	static
stm32f7xx_it.c:203:6:UsageFault_Handler	0	static
stm32f7xx_it.c:218:6:SVC_Handler	0	static
stm32f7xx_it.c:231:6:DebugMon_Handler	0	static
stm32f7xx_it.c:244:6:PendSV_Handler	0	static
stm32f7xx_it.c:257:6:SysTick_Handler	8	static
stm32f7xx_it.c:278:6:EXTI0_IRQHandler	8	static
stm32f7xx_it.c:292:6:EXTI2_IRQHandler	8	static
stm32f7xx_it.c:306:6:TIM1_BRK_TIM9_IRQHandler	8	static
stm32f7xx_it.c:334:6:TIM4_IRQHandler	8	static
stm32f7xx_it.c:354:6:SPI2_IRQHandler	8	static
stm32f7xx_it.c:368:6:EXTI15_10_IRQHandler	16	static
stm32f7xx_it.c:520:6:TIM8_UP_TIM13_IRQHandler	8	static
stm32f7xx_it.c:540:6:TIM5_IRQHandler	8	static
stm32f7xx_it.c:565:6:TIM6_DAC_IRQHandler	8	static
stm32f7xx_it.c:582:6:TIM7_IRQHandler	8	static
stm32f7xx_it.c:597:6:DMA2_Stream4_IRQHandler	8	static
stm32f7xx_it.c:609:6:HAL_SPI_TxRxCpltCallback	24	static
