stm32f7xx_ll_sdmmc.c:1128:17:SDMMC_GetCmdError	0	static
stm32f7xx_ll_sdmmc.c:1284:17:SDMMC_GetCmdResp2	0	static
stm32f7xx_ll_sdmmc.c:1326:17:SDMMC_GetCmdResp3	0	static
stm32f7xx_ll_sdmmc.c:1432:17:SDMMC_GetCmdResp7	0	static
stm32f7xx_ll_sdmmc.c:211:19:SDMMC_Init	32	static
stm32f7xx_ll_sdmmc.c:264:10:SDMMC_ReadFIFO	0	static
stm32f7xx_ll_sdmmc.c:276:19:SDMMC_WriteFIFO	0	static
stm32f7xx_ll_sdmmc.c:308:19:SDMMC_PowerState_ON	0	static
stm32f7xx_ll_sdmmc.c:321:19:SDMMC_PowerState_OFF	0	static
stm32f7xx_ll_sdmmc.c:338:10:SDMMC_GetPowerState	0	static
stm32f7xx_ll_sdmmc.c:351:19:SDMMC_SendCommand	16	static
stm32f7xx_ll_sdmmc.c:381:9:SDMMC_GetCommandResponse	0	static
stm32f7xx_ll_sdmmc.c:398:10:SDMMC_GetResponse	24	static
stm32f7xx_ll_sdmmc.c:1155:17:SDMMC_GetCmdResp1	16	static
stm32f7xx_ll_sdmmc.c:1365:17:SDMMC_GetCmdResp6	16	static
stm32f7xx_ll_sdmmc.c:419:19:SDMMC_ConfigData	16	static
stm32f7xx_ll_sdmmc.c:454:10:SDMMC_GetDataCounter	0	static
stm32f7xx_ll_sdmmc.c:464:10:SDMMC_GetFIFOCount	0	static
stm32f7xx_ll_sdmmc.c:478:19:SDMMC_SetSDMMCReadWaitMode	16	static
stm32f7xx_ll_sdmmc.c:513:10:SDMMC_CmdBlockLength	40	static
stm32f7xx_ll_sdmmc.c:537:10:SDMMC_CmdReadSingleBlock	40	static
stm32f7xx_ll_sdmmc.c:561:10:SDMMC_CmdReadMultiBlock	40	static
stm32f7xx_ll_sdmmc.c:585:10:SDMMC_CmdWriteSingleBlock	40	static
stm32f7xx_ll_sdmmc.c:609:10:SDMMC_CmdWriteMultiBlock	40	static
stm32f7xx_ll_sdmmc.c:633:10:SDMMC_CmdSDEraseStartAdd	40	static
stm32f7xx_ll_sdmmc.c:657:10:SDMMC_CmdSDEraseEndAdd	40	static
stm32f7xx_ll_sdmmc.c:681:10:SDMMC_CmdEraseStartAdd	40	static
stm32f7xx_ll_sdmmc.c:705:10:SDMMC_CmdEraseEndAdd	40	static
stm32f7xx_ll_sdmmc.c:729:10:SDMMC_CmdErase	40	static
stm32f7xx_ll_sdmmc.c:753:10:SDMMC_CmdStopTransfer	40	static
stm32f7xx_ll_sdmmc.c:778:10:SDMMC_CmdSelDesel	40	static
stm32f7xx_ll_sdmmc.c:802:10:SDMMC_CmdGoIdleState	32	static
stm32f7xx_ll_sdmmc.c:825:10:SDMMC_CmdOperCond	32	static
stm32f7xx_ll_sdmmc.c:855:10:SDMMC_CmdAppCommand	40	static
stm32f7xx_ll_sdmmc.c:882:10:SDMMC_CmdAppOperCommand	32	static
stm32f7xx_ll_sdmmc.c:905:10:SDMMC_CmdBusWidth	40	static
stm32f7xx_ll_sdmmc.c:928:10:SDMMC_CmdSendSCR	40	static
stm32f7xx_ll_sdmmc.c:952:10:SDMMC_CmdSendCID	32	static
stm32f7xx_ll_sdmmc.c:976:10:SDMMC_CmdSendCSD	32	static
stm32f7xx_ll_sdmmc.c:1000:10:SDMMC_CmdSetRelAdd	40	static
stm32f7xx_ll_sdmmc.c:1024:10:SDMMC_CmdSendStatus	40	static
stm32f7xx_ll_sdmmc.c:1047:10:SDMMC_CmdStatusRegister	40	static
stm32f7xx_ll_sdmmc.c:1072:10:SDMMC_CmdOpCondition	32	static
stm32f7xx_ll_sdmmc.c:1096:10:SDMMC_CmdSwitch	40	static
