stm32f7xx_hal_spi.c:3787:26:SPI_WaitFlagStateUntilTimeout	24	static
stm32f7xx_hal_spi.c:3839:26:SPI_WaitFifoStateUntilTimeout	24	static
stm32f7xx_hal_spi.c:3931:26:SPI_EndRxTxTransaction	24	static
stm32f7xx_hal_spi.c:3895:26:SPI_EndRxTransaction	24	static
stm32f7xx_hal_spi.c:4146:13:SPI_AbortRx_ISR	24	static
stm32f7xx_hal_spi.c:4191:13:SPI_AbortTx_ISR	24	static
stm32f7xx_hal_spi.c:502:13:HAL_SPI_MspInit	0	static
stm32f7xx_hal_spi.c:313:19:HAL_SPI_Init	8	static
stm32f7xx_hal_spi.c:518:13:HAL_SPI_MspDeInit	0	static
stm32f7xx_hal_spi.c:458:19:HAL_SPI_DeInit	8	static
stm32f7xx_hal_spi.c:789:19:HAL_SPI_Transmit	32	static
stm32f7xx_hal_spi.c:1197:19:HAL_SPI_TransmitReceive	32	static
stm32f7xx_hal_spi.c:972:19:HAL_SPI_Receive	32	static
stm32f7xx_hal_spi.c:1495:19:HAL_SPI_Transmit_IT	16	static
stm32f7xx_hal_spi.c:1683:19:HAL_SPI_TransmitReceive_IT	24	static
stm32f7xx_hal_spi.c:1578:19:HAL_SPI_Receive_IT	8	static
stm32f7xx_hal_spi.c:1792:19:HAL_SPI_Transmit_DMA	16	static
stm32f7xx_hal_spi.c:2056:19:HAL_SPI_TransmitReceive_DMA	24	static
stm32f7xx_hal_spi.c:1914:19:HAL_SPI_Receive_DMA	16	static
stm32f7xx_hal_spi.c:2246:19:HAL_SPI_Abort	32	static
stm32f7xx_hal_spi.c:2569:19:HAL_SPI_DMAPause	0	static
stm32f7xx_hal_spi.c:2589:19:HAL_SPI_DMAResume	0	static
stm32f7xx_hal_spi.c:2609:19:HAL_SPI_DMAStop	16	static
stm32f7xx_hal_spi.c:2755:13:HAL_SPI_TxCpltCallback	0	static
stm32f7xx_hal_spi.c:2771:13:HAL_SPI_RxCpltCallback	0	static
stm32f7xx_hal_spi.c:2787:13:HAL_SPI_TxRxCpltCallback	0	static
stm32f7xx_hal_spi.c:2803:13:HAL_SPI_TxHalfCpltCallback	0	static
stm32f7xx_hal_spi.c:3182:13:SPI_DMAHalfTransmitCplt	8	static
stm32f7xx_hal_spi.c:2819:13:HAL_SPI_RxHalfCpltCallback	0	static
stm32f7xx_hal_spi.c:3200:13:SPI_DMAHalfReceiveCplt	8	static
stm32f7xx_hal_spi.c:2835:13:HAL_SPI_TxRxHalfCpltCallback	0	static
stm32f7xx_hal_spi.c:3218:13:SPI_DMAHalfTransmitReceiveCplt	8	static
stm32f7xx_hal_spi.c:2851:13:HAL_SPI_ErrorCallback	0	static
stm32f7xx_hal_spi.c:4097:13:SPI_CloseTx_ISR	16	static
stm32f7xx_hal_spi.c:3732:13:SPI_TxISR_8BIT	8	static
stm32f7xx_hal_spi.c:3757:13:SPI_TxISR_16BIT	8	static
stm32f7xx_hal_spi.c:4040:13:SPI_CloseRx_ISR	8	static
stm32f7xx_hal_spi.c:3647:13:SPI_RxISR_8BIT	8	static
stm32f7xx_hal_spi.c:3699:13:SPI_RxISR_16BIT	8	static
stm32f7xx_hal_spi.c:3963:13:SPI_CloseRxTx_ISR	8	static
stm32f7xx_hal_spi.c:3490:13:SPI_2linesTxISR_8BIT	8	static
stm32f7xx_hal_spi.c:3412:13:SPI_2linesRxISR_8BIT	8	static
stm32f7xx_hal_spi.c:3589:13:SPI_2linesTxISR_16BIT	8	static
stm32f7xx_hal_spi.c:3537:13:SPI_2linesRxISR_16BIT	8	static
stm32f7xx_hal_spi.c:3236:13:SPI_DMAError	8	static
stm32f7xx_hal_spi.c:2941:13:SPI_DMATransmitCplt	24	static
stm32f7xx_hal_spi.c:2998:13:SPI_DMAReceiveCplt	16	static
stm32f7xx_hal_spi.c:3093:13:SPI_DMATransmitReceiveCplt	16	static
stm32f7xx_hal_spi.c:2649:6:HAL_SPI_IRQHandler	32	static
stm32f7xx_hal_spi.c:3259:13:SPI_DMAAbortOnError	8	static
stm32f7xx_hal_spi.c:2869:13:HAL_SPI_AbortCpltCallback	0	static
stm32f7xx_hal_spi.c:2407:19:HAL_SPI_Abort_IT	32	static
stm32f7xx_hal_spi.c:3347:13:SPI_DMARxAbortCallback	32	static
stm32f7xx_hal_spi.c:3281:13:SPI_DMATxAbortCallback	24	static
stm32f7xx_hal_spi.c:2904:22:HAL_SPI_GetState	0	static
stm32f7xx_hal_spi.c:2916:10:HAL_SPI_GetError	0	static
