stm32f7xx_hal_sai.c:1913:26:SAI_InitI2S	8	static
stm32f7xx_hal_sai.c:2006:26:SAI_InitPCM	8	static
stm32f7xx_hal_sai.c:2073:13:SAI_FillFifo	0	static
stm32f7xx_hal_sai.c:2103:17:SAI_InterruptFlag	0	static
stm32f7xx_hal_sai.c:2136:26:SAI_Disable	0	static
stm32f7xx_hal_sai.c:622:13:HAL_SAI_MspInit	0	static
stm32f7xx_hal_sai.c:355:19:HAL_SAI_Init	16	static
stm32f7xx_hal_sai.c:316:19:HAL_SAI_InitProtocol	24	static
stm32f7xx_hal_sai.c:638:13:HAL_SAI_MspDeInit	0	static
stm32f7xx_hal_sai.c:573:19:HAL_SAI_DeInit	16	static
stm32f7xx_hal_sai.c:879:19:HAL_SAI_Transmit	24	static
stm32f7xx_hal_sai.c:979:19:HAL_SAI_Receive	24	static
stm32f7xx_hal_sai.c:1076:19:HAL_SAI_Transmit_IT	16	static
stm32f7xx_hal_sai.c:1138:19:HAL_SAI_Receive_IT	16	static
stm32f7xx_hal_sai.c:1196:19:HAL_SAI_DMAPause	0	static
stm32f7xx_hal_sai.c:1216:19:HAL_SAI_DMAResume	0	static
stm32f7xx_hal_sai.c:1243:19:HAL_SAI_DMAStop	16	static
stm32f7xx_hal_sai.c:1302:19:HAL_SAI_Abort	16	static
stm32f7xx_hal_sai.c:1370:19:HAL_SAI_Transmit_DMA	16	static
stm32f7xx_hal_sai.c:1439:19:HAL_SAI_Receive_DMA	16	static
stm32f7xx_hal_sai.c:1508:19:HAL_SAI_EnableTxMuteMode	16	static
stm32f7xx_hal_sai.c:1527:19:HAL_SAI_DisableTxMuteMode	0	static
stm32f7xx_hal_sai.c:1545:19:HAL_SAI_EnableRxMuteMode	16	static
stm32f7xx_hal_sai.c:1568:19:HAL_SAI_DisableRxMuteMode	0	static
stm32f7xx_hal_sai.c:1773:13:HAL_SAI_TxCpltCallback	0	static
stm32f7xx_hal_sai.c:2222:13:SAI_Transmit_IT32Bit	8	static
stm32f7xx_hal_sai.c:2193:13:SAI_Transmit_IT16Bit	8	static
stm32f7xx_hal_sai.c:2165:13:SAI_Transmit_IT8Bit	8	static
stm32f7xx_hal_sai.c:2343:13:SAI_DMATxCplt	8	static
stm32f7xx_hal_sai.c:1789:14:HAL_SAI_TxHalfCpltCallback	0	static
stm32f7xx_hal_sai.c:2372:13:SAI_DMATxHalfCplt	8	static
stm32f7xx_hal_sai.c:1805:13:HAL_SAI_RxCpltCallback	0	static
stm32f7xx_hal_sai.c:2312:13:SAI_Receive_IT32Bit	8	static
stm32f7xx_hal_sai.c:2281:13:SAI_Receive_IT16Bit	8	static
stm32f7xx_hal_sai.c:2251:13:SAI_Receive_IT8Bit	8	static
stm32f7xx_hal_sai.c:2389:13:SAI_DMARxCplt	8	static
stm32f7xx_hal_sai.c:1821:13:HAL_SAI_RxHalfCpltCallback	0	static
stm32f7xx_hal_sai.c:2417:13:SAI_DMARxHalfCplt	8	static
stm32f7xx_hal_sai.c:1837:13:HAL_SAI_ErrorCallback	0	static
stm32f7xx_hal_sai.c:2434:13:SAI_DMAError	8	static
stm32f7xx_hal_sai.c:1587:6:HAL_SAI_IRQHandler	8	static
stm32f7xx_hal_sai.c:2469:13:SAI_DMAAbort	8	static
stm32f7xx_hal_sai.c:1872:22:HAL_SAI_GetState	0	static
stm32f7xx_hal_sai.c:1883:10:HAL_SAI_GetError	0	static
