stm32f7xx_hal_sdram.c:313:13:HAL_SDRAM_DMA_XferCpltCallback	0	static
stm32f7xx_hal_sdram.c:328:13:HAL_SDRAM_DMA_XferErrorCallback	0	static
stm32f7xx_hal_sdram.c:242:13:HAL_SDRAM_MspInit	0	static
stm32f7xx_hal_sdram.c:159:19:HAL_SDRAM_Init	16	static
stm32f7xx_hal_sdram.c:258:13:HAL_SDRAM_MspDeInit	0	static
stm32f7xx_hal_sdram.c:209:19:HAL_SDRAM_DeInit	8	static
stm32f7xx_hal_sdram.c:297:13:HAL_SDRAM_RefreshErrorCallback	0	static
stm32f7xx_hal_sdram.c:274:6:HAL_SDRAM_IRQHandler	8	static
stm32f7xx_hal_sdram.c:365:19:HAL_SDRAM_Read_8b	4	static
stm32f7xx_hal_sdram.c:406:19:HAL_SDRAM_Write_8b	4	static
stm32f7xx_hal_sdram.c:450:19:HAL_SDRAM_Read_16b	4	static
stm32f7xx_hal_sdram.c:490:19:HAL_SDRAM_Write_16b	4	static
stm32f7xx_hal_sdram.c:533:19:HAL_SDRAM_Read_32b	4	static
stm32f7xx_hal_sdram.c:573:19:HAL_SDRAM_Write_32b	4	static
stm32f7xx_hal_sdram.c:616:19:HAL_SDRAM_Read_DMA	16	static
stm32f7xx_hal_sdram.c:657:19:HAL_SDRAM_Write_DMA	16	static
stm32f7xx_hal_sdram.c:912:19:HAL_SDRAM_WriteProtection_Enable	8	static
stm32f7xx_hal_sdram.c:938:19:HAL_SDRAM_WriteProtection_Disable	8	static
stm32f7xx_hal_sdram.c:966:19:HAL_SDRAM_SendCommand	16	static
stm32f7xx_hal_sdram.c:1000:19:HAL_SDRAM_ProgramRefreshRate	8	static
stm32f7xx_hal_sdram.c:1027:19:HAL_SDRAM_SetAutoRefreshNumber	8	static
stm32f7xx_hal_sdram.c:1053:10:HAL_SDRAM_GetModeStatus	8	static
stm32f7xx_hal_sdram.c:1084:24:HAL_SDRAM_GetState	0	static
